Archive member included to satisfy reference by file (symbol)

/Applications/MCUXpressoIDE_10.2.1_795/ide/tools/bin/../lib/gcc/arm-none-eabi/7.2.1/../../../../arm-none-eabi/lib/thumb/v7e-m/fpv4-sp/hard/libcr_nohost_nf.a(_cr__main.o)
                              ./startup/startup_mke14f16.o (__main)
/Applications/MCUXpressoIDE_10.2.1_795/ide/tools/bin/../lib/gcc/arm-none-eabi/7.2.1/../../../../arm-none-eabi/lib/thumb/v7e-m/fpv4-sp/hard/libcr_nohost_nf.a(_cr_assert.o)
                              ./utilities/fsl_debug_console.o (__assertion_failed)
/Applications/MCUXpressoIDE_10.2.1_795/ide/tools/bin/../lib/gcc/arm-none-eabi/7.2.1/../../../../arm-none-eabi/lib/thumb/v7e-m/fpv4-sp/hard/libcr_nohost_nf.a(__ciob.o)
                              /Applications/MCUXpressoIDE_10.2.1_795/ide/tools/bin/../lib/gcc/arm-none-eabi/7.2.1/../../../../arm-none-eabi/lib/thumb/v7e-m/fpv4-sp/hard/libcr_nohost_nf.a(_cr_assert.o) (__Ciob)
/Applications/MCUXpressoIDE_10.2.1_795/ide/tools/bin/../lib/gcc/arm-none-eabi/7.2.1/../../../../arm-none-eabi/lib/thumb/v7e-m/fpv4-sp/hard/libcr_nohost_nf.a(__sys_appexit.o)
                              /Applications/MCUXpressoIDE_10.2.1_795/ide/tools/bin/../lib/gcc/arm-none-eabi/7.2.1/../../../../arm-none-eabi/lib/thumb/v7e-m/fpv4-sp/hard/libcr_nohost_nf.a(_cr_assert.o) (__sys_appexit)
/Applications/MCUXpressoIDE_10.2.1_795/ide/tools/bin/../lib/gcc/arm-none-eabi/7.2.1/../../../../arm-none-eabi/lib/thumb/v7e-m/fpv4-sp/hard/libcr_c.a(memcpy.o)
                              ./utilities/fsl_shell.o (memcpy)
/Applications/MCUXpressoIDE_10.2.1_795/ide/tools/bin/../lib/gcc/arm-none-eabi/7.2.1/../../../../arm-none-eabi/lib/thumb/v7e-m/fpv4-sp/hard/libcr_c.a(memmove.o)
                              ./utilities/fsl_shell.o (memmove)
/Applications/MCUXpressoIDE_10.2.1_795/ide/tools/bin/../lib/gcc/arm-none-eabi/7.2.1/../../../../arm-none-eabi/lib/thumb/v7e-m/fpv4-sp/hard/libcr_c.a(memset.o)
                              ./utilities/utilities/fsl_notifier.o (memset)
/Applications/MCUXpressoIDE_10.2.1_795/ide/tools/bin/../lib/gcc/arm-none-eabi/7.2.1/../../../../arm-none-eabi/lib/thumb/v7e-m/fpv4-sp/hard/libcr_c.a(_deferredlazyseek.o)
                              /Applications/MCUXpressoIDE_10.2.1_795/ide/tools/bin/../lib/gcc/arm-none-eabi/7.2.1/../../../../arm-none-eabi/lib/thumb/v7e-m/fpv4-sp/hard/libcr_nohost_nf.a(_cr_assert.o) (__flsbuf)
/Applications/MCUXpressoIDE_10.2.1_795/ide/tools/bin/../lib/gcc/arm-none-eabi/7.2.1/../../../../arm-none-eabi/lib/thumb/v7e-m/fpv4-sp/hard/libcr_c.a(_fflush.o)
                              /Applications/MCUXpressoIDE_10.2.1_795/ide/tools/bin/../lib/gcc/arm-none-eabi/7.2.1/../../../../arm-none-eabi/lib/thumb/v7e-m/fpv4-sp/hard/libcr_c.a(_deferredlazyseek.o) (_fflush)
/Applications/MCUXpressoIDE_10.2.1_795/ide/tools/bin/../lib/gcc/arm-none-eabi/7.2.1/../../../../arm-none-eabi/lib/thumb/v7e-m/fpv4-sp/hard/libcr_c.a(_writebuf.o)
                              /Applications/MCUXpressoIDE_10.2.1_795/ide/tools/bin/../lib/gcc/arm-none-eabi/7.2.1/../../../../arm-none-eabi/lib/thumb/v7e-m/fpv4-sp/hard/libcr_c.a(_deferredlazyseek.o) (_Cwritebuf)
/Applications/MCUXpressoIDE_10.2.1_795/ide/tools/bin/../lib/gcc/arm-none-eabi/7.2.1/../../../../arm-none-eabi/lib/thumb/v7e-m/fpv4-sp/hard/libcr_c.a(alloc.o)
                              ./drivers/fsl_common.o (malloc)
/Applications/MCUXpressoIDE_10.2.1_795/ide/tools/bin/../lib/gcc/arm-none-eabi/7.2.1/../../../../arm-none-eabi/lib/thumb/v7e-m/fpv4-sp/hard/libcr_c.a(fputs.o)
                              /Applications/MCUXpressoIDE_10.2.1_795/ide/tools/bin/../lib/gcc/arm-none-eabi/7.2.1/../../../../arm-none-eabi/lib/thumb/v7e-m/fpv4-sp/hard/libcr_nohost_nf.a(_cr_assert.o) (fputs)
/Applications/MCUXpressoIDE_10.2.1_795/ide/tools/bin/../lib/gcc/arm-none-eabi/7.2.1/../../../../arm-none-eabi/lib/thumb/v7e-m/fpv4-sp/hard/libcr_c.a(fseek.o)
                              /Applications/MCUXpressoIDE_10.2.1_795/ide/tools/bin/../lib/gcc/arm-none-eabi/7.2.1/../../../../arm-none-eabi/lib/thumb/v7e-m/fpv4-sp/hard/libcr_c.a(_deferredlazyseek.o) (fseek)
/Applications/MCUXpressoIDE_10.2.1_795/ide/tools/bin/../lib/gcc/arm-none-eabi/7.2.1/../../../../arm-none-eabi/lib/thumb/v7e-m/fpv4-sp/hard/libcr_c.a(ftell.o)
                              /Applications/MCUXpressoIDE_10.2.1_795/ide/tools/bin/../lib/gcc/arm-none-eabi/7.2.1/../../../../arm-none-eabi/lib/thumb/v7e-m/fpv4-sp/hard/libcr_c.a(fseek.o) (ftell)
/Applications/MCUXpressoIDE_10.2.1_795/ide/tools/bin/../lib/gcc/arm-none-eabi/7.2.1/../../../../arm-none-eabi/lib/thumb/v7e-m/fpv4-sp/hard/libcr_c.a(initio.o)
                              /Applications/MCUXpressoIDE_10.2.1_795/ide/tools/bin/../lib/gcc/arm-none-eabi/7.2.1/../../../../arm-none-eabi/lib/thumb/v7e-m/fpv4-sp/hard/libcr_nohost_nf.a(_cr__main.o) (_initio)
/Applications/MCUXpressoIDE_10.2.1_795/ide/tools/bin/../lib/gcc/arm-none-eabi/7.2.1/../../../../arm-none-eabi/lib/thumb/v7e-m/fpv4-sp/hard/libcr_c.a(setvbuf.o)
[...]
Memory Configuration

Name             Origin             Length             Attributes
PROGRAM_FLASH    0x0000000000000000 0x0000000000080000 xr
SRAM_UPPER       0x0000000020000000 0x0000000000008000 xrw
SRAM_LOWER       0x000000001fff8000 0x0000000000008000 xrw
FLEX_RAM         0x0000000014000000 0x0000000000001000 xrw
*default*        0x0000000000000000 0xffffffffffffffff

Linker script and memory map

LOAD ./utilities/utilities/fsl_notifier.o
LOAD ./utilities/fsl_assert.o
LOAD ./utilities/fsl_debug_console.o
LOAD ./utilities/fsl_shell.o
LOAD ./utilities/fsl_str.o
LOAD ./startup/startup_mke14f16.o
LOAD ./source/Hummingbot_firmware.o
LOAD ./source/semihost_hardfault.o
LOAD ./drivers/fsl_acmp.o
LOAD ./drivers/fsl_adc12.o
LOAD ./drivers/fsl_cache.o
LOAD ./drivers/fsl_clock.o
LOAD ./drivers/fsl_common.o
LOAD ./drivers/fsl_crc.o
LOAD ./drivers/fsl_dac32.o
LOAD ./drivers/fsl_dmamux.o
LOAD ./drivers/fsl_edma.o
LOAD ./drivers/fsl_ewm.o
LOAD ./drivers/fsl_flexio.o
LOAD ./drivers/fsl_flexio_i2c_master.o
LOAD ./drivers/fsl_flexio_spi.o
LOAD ./drivers/fsl_flexio_spi_edma.o
LOAD ./drivers/fsl_flexio_uart.o
LOAD ./drivers/fsl_flexio_uart_edma.o
LOAD ./drivers/fsl_ftfx_cache.o
LOAD ./drivers/fsl_ftfx_controller.o
LOAD ./drivers/fsl_ftfx_flash.o
LOAD ./drivers/fsl_ftfx_flexnvm.o
LOAD ./drivers/fsl_ftm.o
LOAD ./drivers/fsl_gpio.o
LOAD ./drivers/fsl_lmem_cache.o
LOAD ./drivers/fsl_lpi2c.o
LOAD ./drivers/fsl_lpi2c_cmsis.o
LOAD ./drivers/fsl_lpi2c_edma.o
LOAD ./drivers/fsl_lpit.o
LOAD ./drivers/fsl_lpspi.o
LOAD ./drivers/fsl_lpspi_cmsis.o
LOAD ./drivers/fsl_lpspi_edma.o
LOAD ./drivers/fsl_lptmr.o
LOAD ./drivers/fsl_lpuart.o
LOAD ./drivers/fsl_lpuart_cmsis.o
LOAD ./drivers/fsl_lpuart_edma.o
LOAD ./drivers/fsl_pdb.o
LOAD ./drivers/fsl_pmc.o
LOAD ./drivers/fsl_pwt.o
LOAD ./drivers/fsl_rcm.o
LOAD ./drivers/fsl_rtc.o
LOAD ./drivers/fsl_sim.o
LOAD ./drivers/fsl_smc.o
LOAD ./drivers/fsl_sysmpu.o
LOAD ./drivers/fsl_trgmux.o
LOAD ./drivers/fsl_wdog32.o
LOAD ./device/system_MKE14F16.o
LOAD ./component/uart/lpuart_adapter.o
LOAD ./component/serial_manager/serial_manager.o
LOAD ./component/serial_manager/serial_port_uart.o
LOAD ./component/lists/generic_list.o
LOAD ./board/board.o
LOAD ./board/clock_config.o
LOAD ./board/peripherals.o
LOAD ./board/pin_mux.o
START GROUP
LOAD /Applications/MCUXpressoIDE_10.2.1_795/ide/tools/bin/../lib/gcc/arm-none-eabi/7.2.1/../../../../arm-none-eabi/lib/thumb/v7e-m/fpv4-sp/hard/libcr_nohost_nf.a
LOAD /Applications/MCUXpressoIDE_10.2.1_795/ide/tools/bin/../lib/gcc/arm-none-eabi/7.2.1/../../../../arm-none-eabi/lib/thumb/v7e-m/fpv4-sp/hard/libcr_c.a
LOAD /Applications/MCUXpressoIDE_10.2.1_795/ide/tools/bin/../lib/gcc/arm-none-eabi/7.2.1/thumb/v7e-m/fpv4-sp/hard/libcr_eabihelpers.a
END GROUP
                0x0000000000000000                __base_PROGRAM_FLASH = 0x0
                0x0000000000000000                __base_Flash = 0x0
                0x0000000000080000                __top_PROGRAM_FLASH = 0x80000
                0x0000000000080000                __top_Flash = 0x80000
                0x0000000020000000                __base_SRAM_UPPER = 0x20000000
                0x0000000020000000                __base_RAM = 0x20000000
                0x0000000020008000                __top_SRAM_UPPER = 0x20008000
                0x0000000020008000                __top_RAM = 0x20008000
                0x000000001fff8000                __base_SRAM_LOWER = 0x1fff8000
                0x000000001fff8000                __base_RAM2 = 0x1fff8000
                0x0000000020000000                __top_SRAM_LOWER = 0x20000000
                0x0000000020000000                __top_RAM2 = 0x20000000
                0x0000000014000000                __base_FLEX_RAM = 0x14000000
                0x0000000014000000                __base_RAM3 = 0x14000000
                0x0000000014001000                __top_FLEX_RAM = 0x14001000
                0x0000000014001000                __top_RAM3 = 0x14001000

.text           0x0000000000000000     0x5668
 FILL mask 0xff
                0x0000000000000000                __vectors_start__ = ABSOLUTE (.)
 *(SORT_BY_ALIGNMENT(.isr_vector))
 .isr_vector    0x0000000000000000      0x178 ./startup/startup_mke14f16.o
                0x0000000000000000                __Vectors
                0x0000000000000000                g_pfnVectors
                0x0000000000000178                . = ALIGN (0x4)
                0x0000000000000178                __section_table_start = .
                0x0000000000000178                __data_section_table = .
                0x0000000000000178        0x4 LONG 0x5668 LOADADDR (.data)
                0x000000000000017c        0x4 LONG 0x20000000 ADDR (.data)
                0x0000000000000180        0x4 LONG 0x8 SIZEOF (.data)
                0x0000000000000184        0x4 LONG 0x5668 LOADADDR (.data_RAM2)
                0x0000000000000188        0x4 LONG 0x1fff8000 ADDR (.data_RAM2)
                0x000000000000018c        0x4 LONG 0x0 SIZEOF (.data_RAM2)
                0x0000000000000190        0x4 LONG 0x5668 LOADADDR (.data_RAM3)
                0x0000000000000194        0x4 LONG 0x14000000 ADDR (.data_RAM3)
                0x0000000000000198        0x4 LONG 0x0 SIZEOF (.data_RAM3)
                0x000000000000019c                __data_section_table_end = .
                0x000000000000019c                __bss_section_table = .
                0x000000000000019c        0x4 LONG 0x20000008 ADDR (.bss)
                0x00000000000001a0        0x4 LONG 0x178 SIZEOF (.bss)
                0x00000000000001a4        0x4 LONG 0x1fff8000 ADDR (.bss_RAM2)
                0x00000000000001a8        0x4 LONG 0x0 SIZEOF (.bss_RAM2)
                0x00000000000001ac        0x4 LONG 0x14000000 ADDR (.bss_RAM3)
                0x00000000000001b0        0x4 LONG 0x0 SIZEOF (.bss_RAM3)
                0x00000000000001b4                __bss_section_table_end = .
                0x00000000000001b4                __section_table_end = .
 *(SORT_BY_ALIGNMENT(.after_vectors*))
 .after_vectors.reset
                0x00000000000001b4       0x4c ./startup/startup_mke14f16.o
                0x00000000000001b4                ResetISR
 .after_vectors.init_data
                0x0000000000000200       0x1e ./startup/startup_mke14f16.o
                0x0000000000000200                data_init
 .after_vectors.init_bss
                0x000000000000021e       0x12 ./startup/startup_mke14f16.o
                0x000000000000021e                bss_init
 .after_vectors
                0x0000000000000230       0x14 ./startup/startup_mke14f16.o
                0x0000000000000230                NMI_Handler
                0x0000000000000234                MemManage_Handler
                0x0000000000000236                BusFault_Handler
                0x0000000000000238                UsageFault_Handler
                0x000000000000023a                SVC_Handler
                0x000000000000023c                DebugMon_Handler
                0x000000000000023e                PendSV_Handler
                0x0000000000000242                Reserved82_DriverIRQHandler
                0x0000000000000242                RTC_Seconds_DriverIRQHandler
                0x0000000000000242                MCM_DriverIRQHandler
                0x0000000000000242                LPIT0_Ch0_DriverIRQHandler
                0x0000000000000242                Reserved69_DriverIRQHandler
                0x0000000000000242                PDB1_DriverIRQHandler
                0x0000000000000242                CMP1_DriverIRQHandler
                0x0000000000000242                FTM0_DriverIRQHandler
                0x0000000000000242                IntDefaultHandler
                0x0000000000000242                SCG_RCM_DriverIRQHandler
                0x0000000000000242                PORTC_DriverIRQHandler
                0x0000000000000242                DAC0_DriverIRQHandler
                0x0000000000000242                CMP2_DriverIRQHandler
                0x0000000000000242                LVD_LVW_DriverIRQHandler
                0x0000000000000242                PWT_DriverIRQHandler
                0x0000000000000242                Reserved53_DriverIRQHandler
                0x0000000000000242                Reserved91_DriverIRQHandler
                0x0000000000000242                Reserved71_DriverIRQHandler
                0x0000000000000242                ADC1_DriverIRQHandler
                0x0000000000000242                PORTA_DriverIRQHandler
                0x0000000000000242                Reserved92_DriverIRQHandler
                0x0000000000000242                WDOG_EWM_DriverIRQHandler
                0x0000000000000242                PDB0_DriverIRQHandler
                0x0000000000000242                Reserved83_DriverIRQHandler
                0x0000000000000242                Reserved61_DriverIRQHandler
                0x0000000000000242                LPIT0_Ch2_DriverIRQHandler
                0x0000000000000242                RTC_DriverIRQHandler
                0x0000000000000242                Read_Collision_DriverIRQHandler
                0x0000000000000242                Reserved54_DriverIRQHandler
                0x0000000000000242                SWI_DriverIRQHandler
                0x0000000000000242                PDB2_DriverIRQHandler
                0x0000000000000242                Reserved44_DriverIRQHandler
                0x0000000000000242                LPIT0_Ch1_DriverIRQHandler
                0x0000000000000242                Reserved81_DriverIRQHandler
                0x0000000000000242                Reserved88_DriverIRQHandler
                0x0000000000000242                ADC0_DriverIRQHandler
                0x0000000000000242                LPIT0_Ch3_DriverIRQHandler
                0x0000000000000242                Doublebit_Fault_DriverIRQHandler
                0x0000000000000242                CMP0_DriverIRQHandler
                0x0000000000000242                FTM3_DriverIRQHandler
                0x0000000000000242                ADC2_DriverIRQHandler
                0x0000000000000242                PORTD_DriverIRQHandler
                0x0000000000000242                Reserved46_DriverIRQHandler
                0x0000000000000242                Reserved70_DriverIRQHandler
                0x0000000000000242                PORTE_DriverIRQHandler
                0x0000000000000242                FTFE_DriverIRQHandler
                0x0000000000000242                Reserved39_DriverIRQHandler
                0x0000000000000242                PORTB_DriverIRQHandler
                0x0000000000000242                LPTMR0_DriverIRQHandler
                0x0000000000000242                DMA_Error_DriverIRQHandler
                0x0000000000000242                FTM1_DriverIRQHandler
                0x0000000000000242                FTM2_DriverIRQHandler
                0x0000000000000400                . = 0x400
 *fill*         0x0000000000000244      0x1bc ff
                0x0000000000000400                PROVIDE (__FLASH_CONFIG_START__, .)
 *(SORT_BY_ALIGNMENT(.FlashConfig))
 .FlashConfig   0x0000000000000400       0x10 ./startup/startup_mke14f16.o
                0x0000000000000400                Flash_Config
                0x0000000000000410                PROVIDE (__FLASH_CONFIG_END__, .)
                0x0000000000000001                ASSERT (! ((__FLASH_CONFIG_START__ == __FLASH_CONFIG_END__)), Linker Flash Config Support Enabled, but no .FlashConfig section provided within application)
 *(SORT_BY_ALIGNMENT(.text*))
 .text.DbgConsole_Init
                0x0000000000000410       0xf8 ./utilities/fsl_debug_console.o
                0x0000000000000410                DbgConsole_Init
 .text.__NVIC_SetPriority
                0x0000000000000508       0x54 ./source/Hummingbot_firmware.o
 .text.SysTick_Config
                0x000000000000055c       0x44 ./source/Hummingbot_firmware.o
 .text.SysTick_Handler
                0x00000000000005a0       0x24 ./source/Hummingbot_firmware.o
                0x00000000000005a0                SysTick_Handler
 .text.SysTick_DelayTicks
                0x00000000000005c4       0x28 ./source/Hummingbot_firmware.o
                0x00000000000005c4                SysTick_DelayTicks
 .text.main     0x00000000000005ec      0x108 ./source/Hummingbot_firmware.o
                0x00000000000005ec                main
 .text.CLOCK_GetIpFreq
                0x00000000000006f4       0xc4 ./drivers/fsl_clock.o
                0x00000000000006f4                CLOCK_GetIpFreq
 .text.CLOCK_GetSysOscFreq
                0x00000000000007b8       0x38 ./drivers/fsl_clock.o
                0x00000000000007b8                CLOCK_GetSysOscFreq
 .text.CLOCK_GetSysOscAsyncFreq
                0x00000000000007f0       0x68 ./drivers/fsl_clock.o
                0x00000000000007f0                CLOCK_GetSysOscAsyncFreq
 .text.CLOCK_InitSirc
                0x0000000000000858       0x7c ./drivers/fsl_clock.o
                0x0000000000000858                CLOCK_InitSirc
 .text.CLOCK_DeinitSirc
                0x00000000000008d4       0x48 ./drivers/fsl_clock.o
                0x00000000000008d4                CLOCK_DeinitSirc
 .text.CLOCK_GetSircFreq
                0x000000000000091c       0x38 ./drivers/fsl_clock.o
                0x000000000000091c                CLOCK_GetSircFreq
 .text.CLOCK_GetSircAsyncFreq
                0x0000000000000954       0x68 ./drivers/fsl_clock.o
                0x0000000000000954                CLOCK_GetSircAsyncFreq
 .text.CLOCK_InitFirc
                0x00000000000009bc       0xf4 ./drivers/fsl_clock.o
                0x00000000000009bc                CLOCK_InitFirc
 .text.CLOCK_DeinitFirc
                0x0000000000000ab0       0x48 ./drivers/fsl_clock.o
                0x0000000000000ab0                CLOCK_DeinitFirc
 .text.CLOCK_GetFircFreq
                0x0000000000000af8       0x38 ./drivers/fsl_clock.o
                0x0000000000000af8                CLOCK_GetFircFreq
 .text.CLOCK_GetFircAsyncFreq
                0x0000000000000b30       0x68 ./drivers/fsl_clock.o
                0x0000000000000b30                CLOCK_GetFircAsyncFreq
 .text.CLOCK_InitSysPll
                0x0000000000000b98       0xa8 ./drivers/fsl_clock.o
                0x0000000000000b98                CLOCK_InitSysPll
 .text.CLOCK_DeinitSysPll
                0x0000000000000c40       0x48 ./drivers/fsl_clock.o
                0x0000000000000c40                CLOCK_DeinitSysPll
 .text.CLOCK_GetSysPllCommonFreq
                0x0000000000000c88       0x68 ./drivers/fsl_clock.o
 .text.CLOCK_GetSysPllFreq
                0x0000000000000cf0       0x30 ./drivers/fsl_clock.o
                0x0000000000000cf0                CLOCK_GetSysPllFreq
 .text.CLOCK_GetSysPllAsyncFreq
                0x0000000000000d20       0x68 ./drivers/fsl_clock.o
                0x0000000000000d20                CLOCK_GetSysPllAsyncFreq
 .text.EDMA_HandleIRQ
                0x0000000000000d88      0x154 ./drivers/fsl_edma.o
                0x0000000000000d88                EDMA_HandleIRQ
 .text.DMA0_DriverIRQHandler
                0x0000000000000edc       0x1c ./drivers/fsl_edma.o
                0x0000000000000edc                DMA0_DriverIRQHandler
 .text.DMA1_DriverIRQHandler
                0x0000000000000ef8       0x1c ./drivers/fsl_edma.o
                0x0000000000000ef8                DMA1_DriverIRQHandler
 .text.DMA2_DriverIRQHandler
                0x0000000000000f14       0x1c ./drivers/fsl_edma.o
                0x0000000000000f14                DMA2_DriverIRQHandler
 .text.DMA3_DriverIRQHandler
                0x0000000000000f30       0x1c ./drivers/fsl_edma.o
                0x0000000000000f30                DMA3_DriverIRQHandler
 .text.DMA4_DriverIRQHandler
                0x0000000000000f4c       0x1c ./drivers/fsl_edma.o
                0x0000000000000f4c                DMA4_DriverIRQHandler
 .text.DMA5_DriverIRQHandler
                0x0000000000000f68       0x1c ./drivers/fsl_edma.o
                0x0000000000000f68                DMA5_DriverIRQHandler
 .text.DMA6_DriverIRQHandler
                0x0000000000000f84       0x1c ./drivers/fsl_edma.o
                0x0000000000000f84                DMA6_DriverIRQHandler
 .text.DMA7_DriverIRQHandler
                0x0000000000000fa0       0x1c ./drivers/fsl_edma.o
                0x0000000000000fa0                DMA7_DriverIRQHandler
 .text.DMA8_DriverIRQHandler
                0x0000000000000fbc       0x1c ./drivers/fsl_edma.o
                0x0000000000000fbc                DMA8_DriverIRQHandler
 .text.DMA9_DriverIRQHandler
                0x0000000000000fd8       0x1c ./drivers/fsl_edma.o
                0x0000000000000fd8                DMA9_DriverIRQHandler
 .text.DMA10_DriverIRQHandler
                0x0000000000000ff4       0x1c ./drivers/fsl_edma.o
                0x0000000000000ff4                DMA10_DriverIRQHandler
 .text.DMA11_DriverIRQHandler
                0x0000000000001010       0x1c ./drivers/fsl_edma.o
                0x0000000000001010                DMA11_DriverIRQHandler
 .text.DMA12_DriverIRQHandler
                0x000000000000102c       0x1c ./drivers/fsl_edma.o
                0x000000000000102c                DMA12_DriverIRQHandler
 .text.DMA13_DriverIRQHandler
                0x0000000000001048       0x1c ./drivers/fsl_edma.o
                0x0000000000001048                DMA13_DriverIRQHandler
 .text.DMA14_DriverIRQHandler
                0x0000000000001064       0x1c ./drivers/fsl_edma.o
                0x0000000000001064                DMA14_DriverIRQHandler
 .text.DMA15_DriverIRQHandler
                0x0000000000001080       0x1c ./drivers/fsl_edma.o
                0x0000000000001080                DMA15_DriverIRQHandler
 .text.FLEXIO_CommonIRQHandler
                0x000000000000109c       0x58 ./drivers/fsl_flexio.o
                0x000000000000109c                FLEXIO_CommonIRQHandler
 .text.GPIO_PinInit
                0x00000000000010f4       0x64 ./drivers/fsl_gpio.o
                0x00000000000010f4                GPIO_PinInit
 .text.LPI2C_CommonIRQHandler
                0x0000000000001158       0x74 ./drivers/fsl_lpi2c.o
 .text.LPI2C0_DriverIRQHandler
                0x00000000000011cc       0x14 ./drivers/fsl_lpi2c.o
                0x00000000000011cc                LPI2C0_DriverIRQHandler
 .text.LPI2C1_DriverIRQHandler
                0x00000000000011e0       0x14 ./drivers/fsl_lpi2c.o
                0x00000000000011e0                LPI2C1_DriverIRQHandler
 .text.LPSPI_CommonIRQHandler
                0x00000000000011f4       0x40 ./drivers/fsl_lpspi.o
 .text.LPSPI0_DriverIRQHandler
                0x0000000000001234       0x30 ./drivers/fsl_lpspi.o
                0x0000000000001234                LPSPI0_DriverIRQHandler
 .text.LPSPI1_DriverIRQHandler
                0x0000000000001264       0x30 ./drivers/fsl_lpspi.o
                0x0000000000001264                LPSPI1_DriverIRQHandler
 .text.CLOCK_EnableClock
                0x0000000000001294       0x30 ./drivers/fsl_lpuart.o
 .text.LPUART_GetInstance
                0x00000000000012c4       0x4c ./drivers/fsl_lpuart.o
                0x00000000000012c4                LPUART_GetInstance
 .text.LPUART_Init
                0x0000000000001310      0x304 ./drivers/fsl_lpuart.o
                0x0000000000001310                LPUART_Init
 .text.LPUART_GetDefaultConfig
                0x0000000000001614       0x88 ./drivers/fsl_lpuart.o
                0x0000000000001614                LPUART_GetDefaultConfig
 .text.LPUART_WriteBlocking
                0x000000000000169c       0x4c ./drivers/fsl_lpuart.o
                0x000000000000169c                LPUART_WriteBlocking
 .text.LPUART0_TX_DriverIRQHandler
                0x00000000000016e8       0x28 ./drivers/fsl_lpuart.o
                0x00000000000016e8                LPUART0_TX_DriverIRQHandler
 .text.LPUART0_RX_DriverIRQHandler
                0x0000000000001710       0x28 ./drivers/fsl_lpuart.o
                0x0000000000001710                LPUART0_RX_DriverIRQHandler
 .text.LPUART1_TX_DriverIRQHandler
                0x0000000000001738       0x28 ./drivers/fsl_lpuart.o
                0x0000000000001738                LPUART1_TX_DriverIRQHandler
 .text.LPUART1_RX_DriverIRQHandler
                0x0000000000001760       0x28 ./drivers/fsl_lpuart.o
                0x0000000000001760                LPUART1_RX_DriverIRQHandler
 .text.LPUART2_TX_DriverIRQHandler
                0x0000000000001788       0x28 ./drivers/fsl_lpuart.o
                0x0000000000001788                LPUART2_TX_DriverIRQHandler
 .text.LPUART2_RX_DriverIRQHandler
                0x00000000000017b0       0x28 ./drivers/fsl_lpuart.o
                0x00000000000017b0                LPUART2_RX_DriverIRQHandler
 .text.SystemInit
                0x00000000000017d8       0x7c ./device/system_MKE14F16.o
                0x00000000000017d8                SystemInit
 .text.HAL_UartInit
                0x0000000000001854      0x100 ./component/uart/lpuart_adapter.o
                0x0000000000001854                HAL_UartInit
 .text.SerialManager_Init
                0x0000000000001954       0x74 ./component/serial_manager/serial_manager.o
                0x0000000000001954                SerialManager_Init
 .text.SerialManager_OpenWriteHandle
                0x00000000000019c8       0x58 ./component/serial_manager/serial_manager.o
                0x00000000000019c8                SerialManager_OpenWriteHandle
 .text.SerialManager_OpenReadHandle
                0x0000000000001a20       0x60 ./component/serial_manager/serial_manager.o
                0x0000000000001a20                SerialManager_OpenReadHandle
 .text.Serial_UartInit
                0x0000000000001a80       0x80 ./component/serial_manager/serial_port_uart.o
                0x0000000000001a80                Serial_UartInit
 .text.CLOCK_SetIpSrc
                0x0000000000001b00       0x60 ./board/board.o
 .text.BOARD_InitDebugConsole
                0x0000000000001b60       0x30 ./board/board.o
                0x0000000000001b60                BOARD_InitDebugConsole
 .text.CLOCK_SetIpSrc
                0x0000000000001b90       0x60 ./board/clock_config.o
 .text.CLOCK_SetRunModeSysClkConfig
                0x0000000000001bf0       0x2c ./board/clock_config.o
 .text.CLOCK_GetCurSysClkConfig
                0x0000000000001c1c       0x2c ./board/clock_config.o
 .text.CLOCK_CONFIG_FircSafeConfig
                0x0000000000001c48       0xa4 ./board/clock_config.o
 .text.BOARD_BootClockRUN
                0x0000000000001cec       0x68 ./board/clock_config.o
                0x0000000000001cec                BOARD_BootClockRUN
 .text.CLOCK_EnableClock
                0x0000000000001d54       0x30 ./board/pin_mux.o
 .text.BOARD_InitPins
                0x0000000000001d84      0x3d0 ./board/pin_mux.o
                0x0000000000001d84                BOARD_InitPins
 .text.__assertion_failed
                0x0000000000002154       0x4c /Applications/MCUXpressoIDE_10.2.1_795/ide/tools/bin/../lib/gcc/arm-none-eabi/7.2.1/../../../../arm-none-eabi/lib/thumb/v7e-m/fpv4-sp/hard/libcr_nohost_nf.a(_cr_assert.o)
                0x0000000000002154                __assertion_failed
 .text._Cwritebuf
                0x00000000000021a0       0x6c /Applications/MCUXpressoIDE_10.2.1_795/ide/tools/bin/../lib/gcc/arm-none-eabi/7.2.1/../../../../arm-none-eabi/lib/thumb/v7e-m/fpv4-sp/hard/libcr_c.a(_writebuf.o)
                0x00000000000021a0                _Cwritebuf
 .text.malloc   0x000000000000220c       0xc8 /Applications/MCUXpressoIDE_10.2.1_795/ide/tools/bin/../lib/gcc/arm-none-eabi/7.2.1/../../../../arm-none-eabi/lib/thumb/v7e-m/fpv4-sp/hard/libcr_c.a(alloc.o)
                0x000000000000220c                malloc
 .text._Csys_alloc
                0x00000000000022d4       0x20 /Applications/MCUXpressoIDE_10.2.1_795/ide/tools/bin/../lib/gcc/arm-none-eabi/7.2.1/../../../../arm-none-eabi/lib/thumb/v7e-m/fpv4-sp/hard/libcr_c.a(alloc.o)
                0x00000000000022d4                _Csys_alloc
 .text.fseek    0x00000000000022f4      0x100 /Applications/MCUXpressoIDE_10.2.1_795/ide/tools/bin/../lib/gcc/arm-none-eabi/7.2.1/../../../../arm-none-eabi/lib/thumb/v7e-m/fpv4-sp/hard/libcr_c.a(fseek.o)
                0x00000000000022f4                fseek
 .text.ftell    0x00000000000023f4       0x44 /Applications/MCUXpressoIDE_10.2.1_795/ide/tools/bin/../lib/gcc/arm-none-eabi/7.2.1/../../../../arm-none-eabi/lib/thumb/v7e-m/fpv4-sp/hard/libcr_c.a(ftell.o)
                0x00000000000023f4                ftell
 .text._initio  0x0000000000002438       0x78 /Applications/MCUXpressoIDE_10.2.1_795/ide/tools/bin/../lib/gcc/arm-none-eabi/7.2.1/../../../../arm-none-eabi/lib/thumb/v7e-m/fpv4-sp/hard/libcr_c.a(initio.o)
                0x0000000000002438                _initio
 .text.setvbuf  0x00000000000024b0       0x40 /Applications/MCUXpressoIDE_10.2.1_795/ide/tools/bin/../lib/gcc/arm-none-eabi/7.2.1/../../../../arm-none-eabi/lib/thumb/v7e-m/fpv4-sp/hard/libcr_c.a(setvbuf.o)
                0x00000000000024b0                setvbuf
 .text._sbrk    0x00000000000024f0       0x3c /Applications/MCUXpressoIDE_10.2.1_795/ide/tools/bin/../lib/gcc/arm-none-eabi/7.2.1/../../../../arm-none-eabi/lib/thumb/v7e-m/fpv4-sp/hard/libcr_c.a(_cr_sbrk.o)
                0x00000000000024f0                _sbrk
 .text.fflush   0x000000000000252c       0x44 /Applications/MCUXpressoIDE_10.2.1_795/ide/tools/bin/../lib/gcc/arm-none-eabi/7.2.1/../../../../arm-none-eabi/lib/thumb/v7e-m/fpv4-sp/hard/libcr_c.a(fflush.o)
                0x000000000000252c                fflush
 .text.__check_heap_overflow
                0x0000000000002570       0x18 /Applications/MCUXpressoIDE_10.2.1_795/ide/tools/bin/../lib/gcc/arm-none-eabi/7.2.1/../../../../arm-none-eabi/lib/thumb/v7e-m/fpv4-sp/hard/libcr_c.a(_cr_check_heap.o)
                0x0000000000002570                __check_heap_overflow
 .text.DMA0_IRQHandler
                0x0000000000002588        0x8 ./startup/startup_mke14f16.o
                0x0000000000002588                DMA0_IRQHandler
 .text.DMA1_IRQHandler
                0x0000000000002590        0x8 ./startup/startup_mke14f16.o
                0x0000000000002590                DMA1_IRQHandler
 .text.DMA2_IRQHandler
                0x0000000000002598        0x8 ./startup/startup_mke14f16.o
                0x0000000000002598                DMA2_IRQHandler
 .text.DMA3_IRQHandler
                0x00000000000025a0        0x8 ./startup/startup_mke14f16.o
                0x00000000000025a0                DMA3_IRQHandler
 .text.DMA4_IRQHandler
                0x00000000000025a8        0x8 ./startup/startup_mke14f16.o
                0x00000000000025a8                DMA4_IRQHandler
 .text.DMA5_IRQHandler
                0x00000000000025b0        0x8 ./startup/startup_mke14f16.o
                0x00000000000025b0                DMA5_IRQHandler
 .text.DMA6_IRQHandler
                0x00000000000025b8        0x8 ./startup/startup_mke14f16.o
                0x00000000000025b8                DMA6_IRQHandler
 .text.DMA7_IRQHandler
                0x00000000000025c0        0x8 ./startup/startup_mke14f16.o
                0x00000000000025c0                DMA7_IRQHandler
 .text.DMA8_IRQHandler
                0x00000000000025c8        0x8 ./startup/startup_mke14f16.o
                0x00000000000025c8                DMA8_IRQHandler
 .text.DMA9_IRQHandler
                0x00000000000025d0        0x8 ./startup/startup_mke14f16.o
                0x00000000000025d0                DMA9_IRQHandler
 .text.DMA10_IRQHandler
                0x00000000000025d8        0x8 ./startup/startup_mke14f16.o
                0x00000000000025d8                DMA10_IRQHandler
 .text.DMA11_IRQHandler
                0x00000000000025e0        0x8 ./startup/startup_mke14f16.o
                0x00000000000025e0                DMA11_IRQHandler
 .text.DMA12_IRQHandler
                0x00000000000025e8        0x8 ./startup/startup_mke14f16.o
                0x00000000000025e8                DMA12_IRQHandler
 .text.DMA13_IRQHandler
                0x00000000000025f0        0x8 ./startup/startup_mke14f16.o
                0x00000000000025f0                DMA13_IRQHandler
 .text.DMA14_IRQHandler
                0x00000000000025f8        0x8 ./startup/startup_mke14f16.o
                0x00000000000025f8                DMA14_IRQHandler
 .text.DMA15_IRQHandler
                0x0000000000002600        0x8 ./startup/startup_mke14f16.o
                0x0000000000002600                DMA15_IRQHandler
 .text.DMA_Error_IRQHandler
                0x0000000000002608        0x8 ./startup/startup_mke14f16.o
                0x0000000000002608                DMA_Error_IRQHandler
 .text.MCM_IRQHandler
                0x0000000000002610        0x8 ./startup/startup_mke14f16.o
                0x0000000000002610                MCM_IRQHandler
 .text.FTFE_IRQHandler
                0x0000000000002618        0x8 ./startup/startup_mke14f16.o
                0x0000000000002618                FTFE_IRQHandler
 .text.Read_Collision_IRQHandler
                0x0000000000002620        0x8 ./startup/startup_mke14f16.o
                0x0000000000002620                Read_Collision_IRQHandler
 .text.LVD_LVW_IRQHandler
                0x0000000000002628        0x8 ./startup/startup_mke14f16.o
                0x0000000000002628                LVD_LVW_IRQHandler
 .text.Doublebit_Fault_IRQHandler
                0x0000000000002630        0x8 ./startup/startup_mke14f16.o
                0x0000000000002630                Doublebit_Fault_IRQHandler
 .text.WDOG_EWM_IRQHandler
                0x0000000000002638        0x8 ./startup/startup_mke14f16.o
                0x0000000000002638                WDOG_EWM_IRQHandler
 .text.Reserved39_IRQHandler
                0x0000000000002640        0x8 ./startup/startup_mke14f16.o
                0x0000000000002640                Reserved39_IRQHandler
 .text.LPI2C0_IRQHandler
                0x0000000000002648        0x8 ./startup/startup_mke14f16.o
                0x0000000000002648                LPI2C0_IRQHandler
 .text.LPI2C1_IRQHandler
                0x0000000000002650        0x8 ./startup/startup_mke14f16.o
                0x0000000000002650                LPI2C1_IRQHandler
 .text.LPSPI0_IRQHandler
                0x0000000000002658        0x8 ./startup/startup_mke14f16.o
                0x0000000000002658                LPSPI0_IRQHandler
 .text.LPSPI1_IRQHandler
                0x0000000000002660        0x8 ./startup/startup_mke14f16.o
                0x0000000000002660                LPSPI1_IRQHandler
 .text.Reserved44_IRQHandler
                0x0000000000002668        0x8 ./startup/startup_mke14f16.o
                0x0000000000002668                Reserved44_IRQHandler
 .text.PWT_IRQHandler
                0x0000000000002670        0x8 ./startup/startup_mke14f16.o
                0x0000000000002670                PWT_IRQHandler
 .text.Reserved46_IRQHandler
                0x0000000000002678        0x8 ./startup/startup_mke14f16.o
                0x0000000000002678                Reserved46_IRQHandler
 .text.LPUART0_TX_IRQHandler
                0x0000000000002680        0x8 ./startup/startup_mke14f16.o
                0x0000000000002680                LPUART0_TX_IRQHandler
 .text.LPUART0_RX_IRQHandler
                0x0000000000002688        0x8 ./startup/startup_mke14f16.o
                0x0000000000002688                LPUART0_RX_IRQHandler
 .text.LPUART1_TX_IRQHandler
                0x0000000000002690        0x8 ./startup/startup_mke14f16.o
                0x0000000000002690                LPUART1_TX_IRQHandler
 .text.LPUART1_RX_IRQHandler
                0x0000000000002698        0x8 ./startup/startup_mke14f16.o
                0x0000000000002698                LPUART1_RX_IRQHandler
 .text.LPUART2_TX_IRQHandler
                0x00000000000026a0        0x8 ./startup/startup_mke14f16.o
                0x00000000000026a0                LPUART2_TX_IRQHandler
 .text.LPUART2_RX_IRQHandler
                0x00000000000026a8        0x8 ./startup/startup_mke14f16.o
                0x00000000000026a8                LPUART2_RX_IRQHandler
 .text.Reserved53_IRQHandler
                0x00000000000026b0        0x8 ./startup/startup_mke14f16.o
                0x00000000000026b0                Reserved53_IRQHandler
 .text.Reserved54_IRQHandler
                0x00000000000026b8        0x8 ./startup/startup_mke14f16.o
                0x00000000000026b8                Reserved54_IRQHandler
 .text.ADC0_IRQHandler
                0x00000000000026c0        0x8 ./startup/startup_mke14f16.o
                0x00000000000026c0                ADC0_IRQHandler
 .text.CMP0_IRQHandler
                0x00000000000026c8        0x8 ./startup/startup_mke14f16.o
                0x00000000000026c8                CMP0_IRQHandler
 .text.CMP1_IRQHandler
                0x00000000000026d0        0x8 ./startup/startup_mke14f16.o
                0x00000000000026d0                CMP1_IRQHandler
 .text.FTM0_IRQHandler
                0x00000000000026d8        0x8 ./startup/startup_mke14f16.o
                0x00000000000026d8                FTM0_IRQHandler
 .text.FTM1_IRQHandler
                0x00000000000026e0        0x8 ./startup/startup_mke14f16.o
                0x00000000000026e0                FTM1_IRQHandler
 .text.FTM2_IRQHandler
                0x00000000000026e8        0x8 ./startup/startup_mke14f16.o
                0x00000000000026e8                FTM2_IRQHandler
 .text.Reserved61_IRQHandler
                0x00000000000026f0        0x8 ./startup/startup_mke14f16.o
                0x00000000000026f0                Reserved61_IRQHandler
 .text.RTC_IRQHandler
                0x00000000000026f8        0x8 ./startup/startup_mke14f16.o
                0x00000000000026f8                RTC_IRQHandler
 .text.RTC_Seconds_IRQHandler
                0x0000000000002700        0x8 ./startup/startup_mke14f16.o
                0x0000000000002700                RTC_Seconds_IRQHandler
 .text.LPIT0_Ch0_IRQHandler
                0x0000000000002708        0x8 ./startup/startup_mke14f16.o
                0x0000000000002708                LPIT0_Ch0_IRQHandler
 .text.LPIT0_Ch1_IRQHandler
                0x0000000000002710        0x8 ./startup/startup_mke14f16.o
                0x0000000000002710                LPIT0_Ch1_IRQHandler
 .text.LPIT0_Ch2_IRQHandler
                0x0000000000002718        0x8 ./startup/startup_mke14f16.o
                0x0000000000002718                LPIT0_Ch2_IRQHandler
 .text.LPIT0_Ch3_IRQHandler
                0x0000000000002720        0x8 ./startup/startup_mke14f16.o
                0x0000000000002720                LPIT0_Ch3_IRQHandler
 .text.PDB0_IRQHandler
                0x0000000000002728        0x8 ./startup/startup_mke14f16.o
                0x0000000000002728                PDB0_IRQHandler
 .text.Reserved69_IRQHandler
                0x0000000000002730        0x8 ./startup/startup_mke14f16.o
                0x0000000000002730                Reserved69_IRQHandler
 .text.Reserved70_IRQHandler
                0x0000000000002738        0x8 ./startup/startup_mke14f16.o
                0x0000000000002738                Reserved70_IRQHandler
 .text.Reserved71_IRQHandler
                0x0000000000002740        0x8 ./startup/startup_mke14f16.o
                0x0000000000002740                Reserved71_IRQHandler
 .text.DAC0_IRQHandler
                0x0000000000002748        0x8 ./startup/startup_mke14f16.o
                0x0000000000002748                DAC0_IRQHandler
 .text.SCG_RCM_IRQHandler
                0x0000000000002750        0x8 ./startup/startup_mke14f16.o
                0x0000000000002750                SCG_RCM_IRQHandler
 .text.LPTMR0_IRQHandler
                0x0000000000002758        0x8 ./startup/startup_mke14f16.o
                0x0000000000002758                LPTMR0_IRQHandler
 .text.PORTA_IRQHandler
                0x0000000000002760        0x8 ./startup/startup_mke14f16.o
                0x0000000000002760                PORTA_IRQHandler
 .text.PORTB_IRQHandler
                0x0000000000002768        0x8 ./startup/startup_mke14f16.o
                0x0000000000002768                PORTB_IRQHandler
 .text.PORTC_IRQHandler
                0x0000000000002770        0x8 ./startup/startup_mke14f16.o
                0x0000000000002770                PORTC_IRQHandler
 .text.PORTD_IRQHandler
                0x0000000000002778        0x8 ./startup/startup_mke14f16.o
                0x0000000000002778                PORTD_IRQHandler
 .text.PORTE_IRQHandler
                0x0000000000002780        0x8 ./startup/startup_mke14f16.o
                0x0000000000002780                PORTE_IRQHandler
 .text.SWI_IRQHandler
                0x0000000000002788        0x8 ./startup/startup_mke14f16.o
                0x0000000000002788                SWI_IRQHandler
 .text.Reserved81_IRQHandler
                0x0000000000002790        0x8 ./startup/startup_mke14f16.o
                0x0000000000002790                Reserved81_IRQHandler
 .text.Reserved82_IRQHandler
                0x0000000000002798        0x8 ./startup/startup_mke14f16.o
                0x0000000000002798                Reserved82_IRQHandler
 .text.Reserved83_IRQHandler
                0x00000000000027a0        0x8 ./startup/startup_mke14f16.o
                0x00000000000027a0                Reserved83_IRQHandler
 .text.PDB1_IRQHandler
                0x00000000000027a8        0x8 ./startup/startup_mke14f16.o
                0x00000000000027a8                PDB1_IRQHandler
 .text.FLEXIO_IRQHandler
                0x00000000000027b0        0x8 ./startup/startup_mke14f16.o
                0x00000000000027b0                FLEXIO_IRQHandler
 .text.CMP2_IRQHandler
                0x00000000000027b8        0x8 ./startup/startup_mke14f16.o
                0x00000000000027b8                CMP2_IRQHandler
 .text.FTM3_IRQHandler
                0x00000000000027c0        0x8 ./startup/startup_mke14f16.o
                0x00000000000027c0                FTM3_IRQHandler
 .text.Reserved88_IRQHandler
                0x00000000000027c8        0x8 ./startup/startup_mke14f16.o
                0x00000000000027c8                Reserved88_IRQHandler
 .text.ADC1_IRQHandler
                0x00000000000027d0        0x8 ./startup/startup_mke14f16.o
                0x00000000000027d0                ADC1_IRQHandler
 .text.ADC2_IRQHandler
                0x00000000000027d8        0x8 ./startup/startup_mke14f16.o
                0x00000000000027d8                ADC2_IRQHandler
 .text.Reserved91_IRQHandler
                0x00000000000027e0        0x8 ./startup/startup_mke14f16.o
                0x00000000000027e0                Reserved91_IRQHandler
 .text.Reserved92_IRQHandler
                0x00000000000027e8        0x8 ./startup/startup_mke14f16.o
                0x00000000000027e8                Reserved92_IRQHandler
 .text.PDB2_IRQHandler
                0x00000000000027f0        0x8 ./startup/startup_mke14f16.o
                0x00000000000027f0                PDB2_IRQHandler
 .text.GPIO_PortToggle
                0x00000000000027f8       0x1c ./source/Hummingbot_firmware.o
 .text.HardFault_Handler
                0x0000000000002814       0x2c ./source/semihost_hardfault.o
                0x0000000000002814                HardFault_Handler
 .text.FLEXIO_DriverIRQHandler
                0x0000000000002840        0xc ./drivers/fsl_flexio.o
                0x0000000000002840                FLEXIO_DriverIRQHandler
 .text.GPIO_PinWrite
                0x000000000000284c       0x36 ./drivers/fsl_gpio.o
 .text.LPSPI_IsMaster
                0x0000000000002882       0x26 ./drivers/fsl_lpspi.o
 .text.LPUART_SoftwareReset
                0x00000000000028a8       0x2c ./drivers/fsl_lpuart.o
 .text.SystemInitHook
                0x00000000000028d4        0xe ./device/system_MKE14F16.o
                0x00000000000028d4                SystemInitHook
 .text.HAL_UartGetStatus
                0x00000000000028e2       0x22 ./component/uart/lpuart_adapter.o
 .text.BOARD_InitBootClocks
                0x0000000000002904        0xc ./board/clock_config.o
                0x0000000000002904                BOARD_InitBootClocks
 .text.BOARD_InitBootPeripherals
                0x0000000000002910        0xe ./board/peripherals.o
                0x0000000000002910                BOARD_InitBootPeripherals
 .text.PORT_SetPinMux
                0x000000000000291e       0x3a ./board/pin_mux.o
 .text.BOARD_InitBootPins
                0x0000000000002958        0xc ./board/pin_mux.o
                0x0000000000002958                BOARD_InitBootPins
 .text.__main   0x0000000000002964        0xe /Applications/MCUXpressoIDE_10.2.1_795/ide/tools/bin/../lib/gcc/arm-none-eabi/7.2.1/../../../../arm-none-eabi/lib/thumb/v7e-m/fpv4-sp/hard/libcr_nohost_nf.a(_cr__main.o)
                0x0000000000002964                __main
 .text.__sys_appexit
                0x0000000000002972        0x2 /Applications/MCUXpressoIDE_10.2.1_795/ide/tools/bin/../lib/gcc/arm-none-eabi/7.2.1/../../../../arm-none-eabi/lib/thumb/v7e-m/fpv4-sp/hard/libcr_nohost_nf.a(__sys_appexit.o)
                0x0000000000002972                __exit
                0x0000000000002972                __sys_appexit
 .text.memset   0x0000000000002974        0x4 /Applications/MCUXpressoIDE_10.2.1_795/ide/tools/bin/../lib/gcc/arm-none-eabi/7.2.1/../../../../arm-none-eabi/lib/thumb/v7e-m/fpv4-sp/hard/libcr_c.a(memset.o)
                0x0000000000002974                memset
 .text._deferredlazyseek
                0x0000000000002978       0x40 /Applications/MCUXpressoIDE_10.2.1_795/ide/tools/bin/../lib/gcc/arm-none-eabi/7.2.1/../../../../arm-none-eabi/lib/thumb/v7e-m/fpv4-sp/hard/libcr_c.a(_deferredlazyseek.o)
                0x0000000000002978                _deferredlazyseek
 .text.__flsbuf
                0x00000000000029b8      0x140 /Applications/MCUXpressoIDE_10.2.1_795/ide/tools/bin/../lib/gcc/arm-none-eabi/7.2.1/../../../../arm-none-eabi/lib/thumb/v7e-m/fpv4-sp/hard/libcr_c.a(_deferredlazyseek.o)
                0x00000000000029b8                __flsbuf
 .text._fflush  0x0000000000002af8       0x52 /Applications/MCUXpressoIDE_10.2.1_795/ide/tools/bin/../lib/gcc/arm-none-eabi/7.2.1/../../../../arm-none-eabi/lib/thumb/v7e-m/fpv4-sp/hard/libcr_c.a(_fflush.o)
                0x0000000000002af8                _fflush
 .text.free     0x0000000000002b4a       0x30 /Applications/MCUXpressoIDE_10.2.1_795/ide/tools/bin/../lib/gcc/arm-none-eabi/7.2.1/../../../../arm-none-eabi/lib/thumb/v7e-m/fpv4-sp/hard/libcr_c.a(alloc.o)
                0x0000000000002b4a                free
 .text.fputs    0x0000000000002b7a       0x2c /Applications/MCUXpressoIDE_10.2.1_795/ide/tools/bin/../lib/gcc/arm-none-eabi/7.2.1/../../../../arm-none-eabi/lib/thumb/v7e-m/fpv4-sp/hard/libcr_c.a(fputs.o)
                0x0000000000002b7a                fputs
 .text.strlen   0x0000000000002ba6       0x4a /Applications/MCUXpressoIDE_10.2.1_795/ide/tools/bin/../lib/gcc/arm-none-eabi/7.2.1/../../../../arm-none-eabi/lib/thumb/v7e-m/fpv4-sp/hard/libcr_c.a(strlen.o)
                0x0000000000002ba6                strlen
 .text._fdopen  0x0000000000002bf0       0x68 /Applications/MCUXpressoIDE_10.2.1_795/ide/tools/bin/../lib/gcc/arm-none-eabi/7.2.1/../../../../arm-none-eabi/lib/thumb/v7e-m/fpv4-sp/hard/libcr_c.a(_fdopen.o)
                0x0000000000002bf0                _fdopen
 .text.fclose   0x0000000000002c58       0x58 /Applications/MCUXpressoIDE_10.2.1_795/ide/tools/bin/../lib/gcc/arm-none-eabi/7.2.1/../../../../arm-none-eabi/lib/thumb/v7e-m/fpv4-sp/hard/libcr_c.a(fclose.o)
                0x0000000000002c58                fclose
 .text.remove   0x0000000000002cb0       0x14 /Applications/MCUXpressoIDE_10.2.1_795/ide/tools/bin/../lib/gcc/arm-none-eabi/7.2.1/../../../../arm-none-eabi/lib/thumb/v7e-m/fpv4-sp/hard/libcr_c.a(remove.o)
                0x0000000000002cb0                remove
 .text._do_fflush
                0x0000000000002cc4       0x40 /Applications/MCUXpressoIDE_10.2.1_795/ide/tools/bin/../lib/gcc/arm-none-eabi/7.2.1/../../../../arm-none-eabi/lib/thumb/v7e-m/fpv4-sp/hard/libcr_c.a(_do_fflush.o)
                0x0000000000002cc4                _do_fflush
 .text.__aeabi_memset_lowlevel
                0x0000000000002d04       0x32 /Applications/MCUXpressoIDE_10.2.1_795/ide/tools/bin/../lib/gcc/arm-none-eabi/7.2.1/thumb/v7e-m/fpv4-sp/hard/libcr_eabihelpers.a(memcpy.o)
                0x0000000000002d04                __aeabi_lowlevel_memset
 .text.__sys_close
                0x0000000000002d36        0x6 /Applications/MCUXpressoIDE_10.2.1_795/ide/tools/bin/../lib/gcc/arm-none-eabi/7.2.1/../../../../arm-none-eabi/lib/thumb/v7e-m/fpv4-sp/hard/libcr_nohost_nf.a(__sys_close.o)
                0x0000000000002d36                __sys_close
 .text.__sys_flen
                0x0000000000002d3c        0x6 /Applications/MCUXpressoIDE_10.2.1_795/ide/tools/bin/../lib/gcc/arm-none-eabi/7.2.1/../../../../arm-none-eabi/lib/thumb/v7e-m/fpv4-sp/hard/libcr_nohost_nf.a(__sys_flen.o)
                0x0000000000002d3c                __sys_flen
 .text.__sys_istty
                0x0000000000002d42        0x6 /Applications/MCUXpressoIDE_10.2.1_795/ide/tools/bin/../lib/gcc/arm-none-eabi/7.2.1/../../../../arm-none-eabi/lib/thumb/v7e-m/fpv4-sp/hard/libcr_nohost_nf.a(__sys_istty.o)
                0x0000000000002d42                __sys_istty
 .text.__sys_remove
                0x0000000000002d48        0x6 /Applications/MCUXpressoIDE_10.2.1_795/ide/tools/bin/../lib/gcc/arm-none-eabi/7.2.1/../../../../arm-none-eabi/lib/thumb/v7e-m/fpv4-sp/hard/libcr_nohost_nf.a(__sys_remove.o)
                0x0000000000002d48                __sys_remove
 .text.__sys_seek
                0x0000000000002d4e        0x6 /Applications/MCUXpressoIDE_10.2.1_795/ide/tools/bin/../lib/gcc/arm-none-eabi/7.2.1/../../../../arm-none-eabi/lib/thumb/v7e-m/fpv4-sp/hard/libcr_nohost_nf.a(__sys_seek.o)
                0x0000000000002d4e                __sys_seek
 .text.__sys_tmpnam
                0x0000000000002d54        0x6 /Applications/MCUXpressoIDE_10.2.1_795/ide/tools/bin/../lib/gcc/arm-none-eabi/7.2.1/../../../../arm-none-eabi/lib/thumb/v7e-m/fpv4-sp/hard/libcr_nohost_nf.a(__sys_tmpnam.o)
                0x0000000000002d54                __sys_tmpnam
 .text.__sys_write
                0x0000000000002d5a        0x4 /Applications/MCUXpressoIDE_10.2.1_795/ide/tools/bin/../lib/gcc/arm-none-eabi/7.2.1/../../../../arm-none-eabi/lib/thumb/v7e-m/fpv4-sp/hard/libcr_nohost_nf.a(__sys_write.o)
                0x0000000000002d5a                __sys_write
 *(SORT_BY_ALIGNMENT(.rodata) SORT_BY_ALIGNMENT(.rodata.*) SORT_BY_ALIGNMENT(.constdata) SORT_BY_ALIGNMENT(.constdata.*))
 *fill*         0x0000000000002d5e        0x2 ff
 .rodata        0x0000000000002d60      0x1b7 ./utilities/fsl_debug_console.o
 *fill*         0x0000000000002f17        0x1 ff
 .rodata        0x0000000000002f18        0x9 ./source/Hummingbot_firmware.o
 *fill*         0x0000000000002f21        0x3 ff
 .rodata        0x0000000000002f24      0x268 ./drivers/fsl_clock.o
 .rodata.sircFreq.7567
                0x000000000000318c        0x8 ./drivers/fsl_clock.o
 .rodata.fircFreq.7591
                0x0000000000003194       0x10 ./drivers/fsl_clock.o
 .rodata        0x00000000000031a4      0xc90 ./drivers/fsl_edma.o
 .rodata        0x0000000000003e34       0x63 ./drivers/fsl_gpio.o
 *fill*         0x0000000000003e97        0x1 ff
 .rodata        0x0000000000003e98      0x5a7 ./drivers/fsl_lpspi.o
 *fill*         0x000000000000443f        0x1 ff
 .rodata        0x0000000000004440      0x63e ./drivers/fsl_lpuart.o
 *fill*         0x0000000000004a7e        0x2 ff
 .rodata.s_lpuartBases
                0x0000000000004a80        0xc ./drivers/fsl_lpuart.o
 .rodata.s_lpuartClock
                0x0000000000004a8c        0xc ./drivers/fsl_lpuart.o
 .rodata.s_LpuartAdapterBase
                0x0000000000004a98        0xc ./component/uart/lpuart_adapter.o
 .rodata        0x0000000000004aa4      0x274 ./component/uart/lpuart_adapter.o
 .rodata        0x0000000000004d18      0x521 ./component/serial_manager/serial_manager.o
 *fill*         0x0000000000005239        0x3 ff
 .rodata        0x000000000000523c      0x244 ./component/serial_manager/serial_port_uart.o
 .rodata        0x0000000000005480       0x74 ./board/board.o
 .rodata        0x00000000000054f4       0xc4 ./board/clock_config.o
 .rodata.g_sysClkConfig_BOARD_BootClockRUN
                0x00000000000055b8        0x4 ./board/clock_config.o
                0x00000000000055b8                g_sysClkConfig_BOARD_BootClockRUN
 .rodata.g_scgSircConfig_BOARD_BootClockRUN
                0x00000000000055bc        0x8 ./board/clock_config.o
                0x00000000000055bc                g_scgSircConfig_BOARD_BootClockRUN
 .rodata.g_scgFircConfig_BOARD_BootClockRUN
                0x00000000000055c4        0xc ./board/clock_config.o
                0x00000000000055c4                g_scgFircConfig_BOARD_BootClockRUN
 .rodata.g_scgSysPllConfig_BOARD_BootClockRUN
                0x00000000000055d0       0x10 ./board/clock_config.o
                0x00000000000055d0                g_scgSysPllConfig_BOARD_BootClockRUN
 .rodata        0x00000000000055e0       0x4f ./board/pin_mux.o
 *fill*         0x000000000000562f        0x1 ff
 .rodata.__num_Ciob_streams
                0x0000000000005630        0x4 /Applications/MCUXpressoIDE_10.2.1_795/ide/tools/bin/../lib/gcc/arm-none-eabi/7.2.1/../../../../arm-none-eabi/lib/thumb/v7e-m/fpv4-sp/hard/libcr_nohost_nf.a(__ciob.o)
                0x0000000000005630                __num_Ciob_streams
 .rodata.__assertion_failed.str1.1
                0x0000000000005634       0x15 /Applications/MCUXpressoIDE_10.2.1_795/ide/tools/bin/../lib/gcc/arm-none-eabi/7.2.1/../../../../arm-none-eabi/lib/thumb/v7e-m/fpv4-sp/hard/libcr_nohost_nf.a(_cr_assert.o)
 .rodata._Csys_alloc.str1.1
                0x0000000000005649       0x18 /Applications/MCUXpressoIDE_10.2.1_795/ide/tools/bin/../lib/gcc/arm-none-eabi/7.2.1/../../../../arm-none-eabi/lib/thumb/v7e-m/fpv4-sp/hard/libcr_c.a(alloc.o)
 .rodata._initio.str1.1
                0x0000000000005661        0x4 /Applications/MCUXpressoIDE_10.2.1_795/ide/tools/bin/../lib/gcc/arm-none-eabi/7.2.1/../../../../arm-none-eabi/lib/thumb/v7e-m/fpv4-sp/hard/libcr_c.a(initio.o)
                0x0000000000005668                . = ALIGN (0x8)
 *fill*         0x0000000000005665        0x3 ff

.glue_7         0x0000000000005668        0x0
 .glue_7        0x0000000000005668        0x0 linker stubs

.glue_7t        0x0000000000005668        0x0
 .glue_7t       0x0000000000005668        0x0 linker stubs

.vfp11_veneer   0x0000000000005668        0x0
 .vfp11_veneer  0x0000000000005668        0x0 linker stubs

.v4_bx          0x0000000000005668        0x0
 .v4_bx         0x0000000000005668        0x0 linker stubs

.iplt           0x0000000000005668        0x0
 .iplt          0x0000000000005668        0x0 ./utilities/fsl_debug_console.o

.rel.dyn        0x0000000000005668        0x0
 .rel.iplt      0x0000000000005668        0x0 ./utilities/fsl_debug_console.o

.ARM.extab
 *(SORT_BY_ALIGNMENT(.ARM.extab*) SORT_BY_ALIGNMENT(.gnu.linkonce.armextab.*))
                0x0000000000005668                __exidx_start = .

.ARM.exidx
 *(SORT_BY_ALIGNMENT(.ARM.exidx*) SORT_BY_ALIGNMENT(.gnu.linkonce.armexidx.*))
                0x0000000000005668                __exidx_end = .
                0x0000000000005668                _etext = .

.data_RAM2      0x000000001fff8000        0x0 load address 0x0000000000005668
 FILL mask 0xff
                [!provide]                        PROVIDE (__start_data_RAM2, .)
 *(SORT_BY_ALIGNMENT(.ramfunc.$RAM2))
 *(SORT_BY_ALIGNMENT(.ramfunc.$SRAM_LOWER))
 *(SORT_BY_ALIGNMENT(.data.$RAM2*))
 *(SORT_BY_ALIGNMENT(.data.$SRAM_LOWER*))
                0x000000001fff8000                . = ALIGN (0x8)
                [!provide]                        PROVIDE (__end_data_RAM2, .)

.data_RAM3      0x0000000014000000        0x0 load address 0x0000000000005668
 FILL mask 0xff
                [!provide]                        PROVIDE (__start_data_RAM3, .)
 *(SORT_BY_ALIGNMENT(.ramfunc.$RAM3))
 *(SORT_BY_ALIGNMENT(.ramfunc.$FLEX_RAM))
 *(SORT_BY_ALIGNMENT(.data.$RAM3*))
 *(SORT_BY_ALIGNMENT(.data.$FLEX_RAM*))
                0x0000000014000000                . = ALIGN (0x8)
                [!provide]                        PROVIDE (__end_data_RAM3, .)

.uninit_RESERVED
                0x0000000020000000        0x0
 *(SORT_BY_ALIGNMENT(.bss.$RESERVED*))
                0x0000000020000000                . = ALIGN (0x4)
                0x0000000020000000                _end_uninit_RESERVED = .

.data           0x0000000020000000        0x8 load address 0x0000000000005668
 FILL mask 0xff
                0x0000000020000000                _data = .
 *(SORT_BY_ALIGNMENT(vtable))
 *(SORT_BY_ALIGNMENT(.ramfunc*))
 *(SORT_BY_ALIGNMENT(.data*))
 .data.SystemCoreClock
                0x0000000020000000        0x4 ./device/system_MKE14F16.o
                0x0000000020000000                SystemCoreClock
                0x0000000020000008                . = ALIGN (0x8)
 *fill*         0x0000000020000004        0x4 ff
                0x0000000020000008                _edata = .

.igot.plt       0x0000000020000008        0x0 load address 0x0000000000005670
 .igot.plt      0x0000000020000008        0x0 ./utilities/fsl_debug_console.o

.bss_RAM2       0x000000001fff8000        0x0
                [!provide]                        PROVIDE (__start_bss_RAM2, .)
 *(SORT_BY_ALIGNMENT(.bss.$RAM2*))
 *(SORT_BY_ALIGNMENT(.bss.$SRAM_LOWER*))
                0x000000001fff8000                . = ALIGN ((. != 0x0)?0x8:0x1)
                [!provide]                        PROVIDE (__end_bss_RAM2, .)

.bss_RAM3       0x0000000014000000        0x0
                [!provide]                        PROVIDE (__start_bss_RAM3, .)
 *(SORT_BY_ALIGNMENT(.bss.$RAM3*))
 *(SORT_BY_ALIGNMENT(.bss.$FLEX_RAM*))
                0x0000000014000000                . = ALIGN ((. != 0x0)?0x8:0x1)
                [!provide]                        PROVIDE (__end_bss_RAM3, .)

.bss            0x0000000020000008      0x178
                0x0000000020000008                _bss = .
 *(SORT_BY_ALIGNMENT(.bss*))
 .bss.s_debugConsoleState
                0x0000000020000008       0x1c ./utilities/fsl_debug_console.o
 .bss.g_serialHandle
                0x0000000020000024        0x4 ./utilities/fsl_debug_console.o
                0x0000000020000024                g_serialHandle
 .bss.g_systickCounter
                0x0000000020000028        0x4 ./source/Hummingbot_firmware.o
                0x0000000020000028                g_systickCounter
 .bss.g_xtal0Freq
                0x000000002000002c        0x4 ./drivers/fsl_clock.o
                0x000000002000002c                g_xtal0Freq
 .bss.s_EDMAHandle
                0x0000000020000030       0x40 ./drivers/fsl_edma.o
 .bss.s_flexioHandle
                0x0000000020000070        0x8 ./drivers/fsl_flexio.o
 .bss.s_flexioType
                0x0000000020000078        0x8 ./drivers/fsl_flexio.o
 .bss.s_flexioIsr
                0x0000000020000080        0x8 ./drivers/fsl_flexio.o
 .bss.s_lpi2cMasterIsr
                0x0000000020000088        0x4 ./drivers/fsl_lpi2c.o
 .bss.s_lpi2cMasterHandle
                0x000000002000008c        0x8 ./drivers/fsl_lpi2c.o
 .bss.s_lpi2cSlaveIsr
                0x0000000020000094        0x4 ./drivers/fsl_lpi2c.o
 .bss.s_lpi2cSlaveHandle
                0x0000000020000098        0x8 ./drivers/fsl_lpi2c.o
 .bss.s_lpspiHandle
                0x00000000200000a0        0x8 ./drivers/fsl_lpspi.o
 .bss.s_lpspiMasterIsr
                0x00000000200000a8        0x4 ./drivers/fsl_lpspi.o
 .bss.s_lpspiSlaveIsr
                0x00000000200000ac        0x4 ./drivers/fsl_lpspi.o
 .bss.s_lpuartHandle
                0x00000000200000b0        0xc ./drivers/fsl_lpuart.o
 .bss.s_lpuartIsr
                0x00000000200000bc        0x4 ./drivers/fsl_lpuart.o
 .bss.__Ciob    0x00000000200000c0       0xb4 /Applications/MCUXpressoIDE_10.2.1_795/ide/tools/bin/../lib/gcc/arm-none-eabi/7.2.1/../../../../arm-none-eabi/lib/thumb/v7e-m/fpv4-sp/hard/libcr_nohost_nf.a(__ciob.o)
                0x00000000200000c0                __Ciob
 .bss.__end_of_heap
                0x0000000020000174        0x4 /Applications/MCUXpressoIDE_10.2.1_795/ide/tools/bin/../lib/gcc/arm-none-eabi/7.2.1/../../../../arm-none-eabi/lib/thumb/v7e-m/fpv4-sp/hard/libcr_c.a(__init_alloc.o)
                0x0000000020000174                __end_of_heap
 .bss.__heaps   0x0000000020000178        0x4 /Applications/MCUXpressoIDE_10.2.1_795/ide/tools/bin/../lib/gcc/arm-none-eabi/7.2.1/../../../../arm-none-eabi/lib/thumb/v7e-m/fpv4-sp/hard/libcr_c.a(__init_alloc.o)
                0x0000000020000178                __heaps
 .bss.errno     0x000000002000017c        0x4 /Applications/MCUXpressoIDE_10.2.1_795/ide/tools/bin/../lib/gcc/arm-none-eabi/7.2.1/../../../../arm-none-eabi/lib/thumb/v7e-m/fpv4-sp/hard/libcr_c.a(errno.o)
                0x000000002000017c                errno
 *(SORT_BY_ALIGNMENT(COMMON))
                0x0000000020000180                . = ALIGN (0x8)
                0x0000000020000180                _ebss = .
                [!provide]                        PROVIDE (end, .)

.noinit_RAM2    0x000000001fff8000        0x0
 *(SORT_BY_ALIGNMENT(.noinit.$RAM2*))
 *(SORT_BY_ALIGNMENT(.noinit.$SRAM_LOWER*))
                0x000000001fff8000                . = ALIGN (0x8)

.noinit_RAM3    0x0000000014000000        0x0
 *(SORT_BY_ALIGNMENT(.noinit.$RAM3*))
 *(SORT_BY_ALIGNMENT(.noinit.$FLEX_RAM*))
                0x0000000014000000                . = ALIGN (0x8)

.noinit         0x0000000020000180        0x0
                0x0000000020000180                _noinit = .
 *(SORT_BY_ALIGNMENT(.noinit*))
                0x0000000020000180                . = ALIGN (0x8)
                0x0000000020000180                _end_noinit = .
                0x0000000000000800                _HeapSize = 0x800

.heap           0x0000000020000180      0x800
                0x0000000020000180                _pvHeapStart = .
                0x0000000020000980                . = (. + _HeapSize)
 *fill*         0x0000000020000180      0x800 
                0x0000000020000980                . = ALIGN (0x8)
                0x0000000020000980                _pvHeapLimit = .
                0x0000000000000800                _StackSize = 0x800

.heap2stackfill
                0x0000000020000980      0x800
                0x0000000020001180                . = (. + _StackSize)
 *fill*         0x0000000020000980      0x800 

.stack          0x0000000020007800        0x0
                0x0000000020007800                _vStackBase = .
                0x0000000020007800                . = ALIGN (0x8)
                0x0000000020008000                _vStackTop = (. + _StackSize)
                0x0000000000000000                _image_start = LOADADDR (.text)
                0x0000000000005670                _image_end = (LOADADDR (.data) + SIZEOF (.data))
                0x0000000000005670                _image_size = (_image_end - _image_start)
OUTPUT(Hummingbot_firmware.axf elf32-littlearm)

.debug_info     0x0000000000000000    0x10242
 .debug_info    0x0000000000000000      0x942 ./utilities/fsl_debug_console.o
 .debug_info    0x0000000000000942      0x820 ./startup/startup_mke14f16.o
 .debug_info    0x0000000000001162     0x1368 ./source/Hummingbot_firmware.o
 .debug_info    0x00000000000024ca       0x3b ./source/semihost_hardfault.o
 .debug_info    0x0000000000002505     0x13dd ./drivers/fsl_clock.o
 .debug_info    0x00000000000038e2     0x206a ./drivers/fsl_edma.o
 .debug_info    0x000000000000594c     0x10df ./drivers/fsl_flexio.o
 .debug_info    0x0000000000006a2b      0x664 ./drivers/fsl_gpio.o
 .debug_info    0x000000000000708f     0x253e ./drivers/fsl_lpi2c.o
 .debug_info    0x00000000000095cd     0x2185 ./drivers/fsl_lpspi.o
 .debug_info    0x000000000000b752     0x1a62 ./drivers/fsl_lpuart.o
 .debug_info    0x000000000000d1b4      0x5b6 ./device/system_MKE14F16.o
 .debug_info    0x000000000000d76a      0x967 ./component/uart/lpuart_adapter.o
 .debug_info    0x000000000000e0d1      0x6fe ./component/serial_manager/serial_manager.o
 .debug_info    0x000000000000e7cf      0x4bd ./component/serial_manager/serial_port_uart.o
 .debug_info    0x000000000000ec8c      0x342 ./board/board.o
 .debug_info    0x000000000000efce      0xde4 ./board/clock_config.o
 .debug_info    0x000000000000fdb2       0x3b ./board/peripherals.o
 .debug_info    0x000000000000fded      0x455 ./board/pin_mux.o

.debug_abbrev   0x0000000000000000     0x242e
 .debug_abbrev  0x0000000000000000      0x1cb ./utilities/fsl_debug_console.o
 .debug_abbrev  0x00000000000001cb      0x15c ./startup/startup_mke14f16.o
 .debug_abbrev  0x0000000000000327      0x290 ./source/Hummingbot_firmware.o
 .debug_abbrev  0x00000000000005b7       0x2f ./source/semihost_hardfault.o
 .debug_abbrev  0x00000000000005e6      0x2b9 ./drivers/fsl_clock.o
 .debug_abbrev  0x000000000000089f      0x3b0 ./drivers/fsl_edma.o
 .debug_abbrev  0x0000000000000c4f      0x2b2 ./drivers/fsl_flexio.o
 .debug_abbrev  0x0000000000000f01      0x196 ./drivers/fsl_gpio.o
 .debug_abbrev  0x0000000000001097      0x310 ./drivers/fsl_lpi2c.o
 .debug_abbrev  0x00000000000013a7      0x2f4 ./drivers/fsl_lpspi.o
 .debug_abbrev  0x000000000000169b      0x2e9 ./drivers/fsl_lpuart.o
 .debug_abbrev  0x0000000000001984      0x174 ./device/system_MKE14F16.o
 .debug_abbrev  0x0000000000001af8      0x190 ./component/uart/lpuart_adapter.o
 .debug_abbrev  0x0000000000001c88      0x163 ./component/serial_manager/serial_manager.o
 .debug_abbrev  0x0000000000001deb      0x148 ./component/serial_manager/serial_port_uart.o
 .debug_abbrev  0x0000000000001f33      0x132 ./board/board.o
 .debug_abbrev  0x0000000000002065      0x23c ./board/clock_config.o
 .debug_abbrev  0x00000000000022a1       0x2f ./board/peripherals.o
 .debug_abbrev  0x00000000000022d0      0x15e ./board/pin_mux.o

.debug_aranges  0x0000000000000000      0xea0
 .debug_aranges
                0x0000000000000000       0x78 ./utilities/fsl_debug_console.o
 .debug_aranges
                0x0000000000000078      0x2f0 ./startup/startup_mke14f16.o
 .debug_aranges
                0x0000000000000368       0x48 ./source/Hummingbot_firmware.o
 .debug_aranges
                0x00000000000003b0       0x20 ./source/semihost_hardfault.o
 .debug_aranges
                0x00000000000003d0      0x110 ./drivers/fsl_clock.o
 .debug_aranges
                0x00000000000004e0      0x210 ./drivers/fsl_edma.o
 .debug_aranges
                0x00000000000006f0       0xb8 ./drivers/fsl_flexio.o
 .debug_aranges
                0x00000000000007a8       0x40 ./drivers/fsl_gpio.o
 .debug_aranges
                0x00000000000007e8      0x1c8 ./drivers/fsl_lpi2c.o
 .debug_aranges
                0x00000000000009b0      0x1b0 ./drivers/fsl_lpspi.o
 .debug_aranges
                0x0000000000000b60      0x148 ./drivers/fsl_lpuart.o
 .debug_aranges
                0x0000000000000ca8       0x30 ./device/system_MKE14F16.o
 .debug_aranges
                0x0000000000000cd8       0x40 ./component/uart/lpuart_adapter.o
 .debug_aranges
                0x0000000000000d18       0x88 ./component/serial_manager/serial_manager.o
 .debug_aranges
                0x0000000000000da0       0x38 ./component/serial_manager/serial_port_uart.o
 .debug_aranges
                0x0000000000000dd8       0x28 ./board/board.o
 .debug_aranges
                0x0000000000000e00       0x48 ./board/clock_config.o
 .debug_aranges
                0x0000000000000e48       0x20 ./board/peripherals.o
 .debug_aranges
                0x0000000000000e68       0x38 ./board/pin_mux.o

.debug_ranges   0x0000000000000000      0xd70
 .debug_ranges  0x0000000000000000       0x68 ./utilities/fsl_debug_console.o
 .debug_ranges  0x0000000000000068      0x2e0 ./startup/startup_mke14f16.o
 .debug_ranges  0x0000000000000348       0x38 ./source/Hummingbot_firmware.o
 .debug_ranges  0x0000000000000380       0x10 ./source/semihost_hardfault.o
 .debug_ranges  0x0000000000000390      0x100 ./drivers/fsl_clock.o
 .debug_ranges  0x0000000000000490      0x200 ./drivers/fsl_edma.o
 .debug_ranges  0x0000000000000690       0xa8 ./drivers/fsl_flexio.o
 .debug_ranges  0x0000000000000738       0x30 ./drivers/fsl_gpio.o
 .debug_ranges  0x0000000000000768      0x1b8 ./drivers/fsl_lpi2c.o
 .debug_ranges  0x0000000000000920      0x1a0 ./drivers/fsl_lpspi.o
 .debug_ranges  0x0000000000000ac0      0x138 ./drivers/fsl_lpuart.o
 .debug_ranges  0x0000000000000bf8       0x20 ./device/system_MKE14F16.o
 .debug_ranges  0x0000000000000c18       0x30 ./component/uart/lpuart_adapter.o
 .debug_ranges  0x0000000000000c48       0x78 ./component/serial_manager/serial_manager.o
 .debug_ranges  0x0000000000000cc0       0x28 ./component/serial_manager/serial_port_uart.o
 .debug_ranges  0x0000000000000ce8       0x18 ./board/board.o
 .debug_ranges  0x0000000000000d00       0x38 ./board/clock_config.o
 .debug_ranges  0x0000000000000d38       0x10 ./board/peripherals.o
 .debug_ranges  0x0000000000000d48       0x28 ./board/pin_mux.o

.debug_macro    0x0000000000000000     0x1524
 .debug_macro   0x0000000000000000      0x16b ./utilities/fsl_debug_console.o
 .debug_macro   0x000000000000016b       0x16 ./utilities/fsl_debug_console.o
 .debug_macro   0x0000000000000181       0x10 ./utilities/fsl_debug_console.o
 .debug_macro   0x0000000000000191       0x28 ./utilities/fsl_debug_console.o
 .debug_macro   0x00000000000001b9       0x54 ./utilities/fsl_debug_console.o
 .debug_macro   0x000000000000020d       0x16 ./utilities/fsl_debug_console.o
 .debug_macro   0x0000000000000223       0x34 ./utilities/fsl_debug_console.o
 .debug_macro   0x0000000000000257       0x29 ./startup/startup_mke14f16.o
 .debug_macro   0x0000000000000280      0x16f ./source/Hummingbot_firmware.o
 .debug_macro   0x00000000000003ef       0xd8 ./source/Hummingbot_firmware.o
 .debug_macro   0x00000000000004c7       0x34 ./source/Hummingbot_firmware.o
 .debug_macro   0x00000000000004fb       0x10 ./source/Hummingbot_firmware.o
 .debug_macro   0x000000000000050b       0x10 ./source/Hummingbot_firmware.o
 .debug_macro   0x000000000000051b       0x11 ./source/semihost_hardfault.o
 .debug_macro   0x000000000000052c      0x195 ./drivers/fsl_clock.o
 .debug_macro   0x00000000000006c1      0x10e ./drivers/fsl_edma.o
 .debug_macro   0x00000000000007cf       0x16 ./drivers/fsl_edma.o
 .debug_macro   0x00000000000007e5      0x10e ./drivers/fsl_flexio.o
 .debug_macro   0x00000000000008f3       0x1c ./drivers/fsl_flexio.o
 .debug_macro   0x000000000000090f      0x109 ./drivers/fsl_gpio.o
 .debug_macro   0x0000000000000a18      0x11b ./drivers/fsl_lpi2c.o
 .debug_macro   0x0000000000000b33       0x16 ./drivers/fsl_lpi2c.o
 .debug_macro   0x0000000000000b49       0x1c ./drivers/fsl_lpi2c.o
 .debug_macro   0x0000000000000b65       0x10 ./drivers/fsl_lpi2c.o
 .debug_macro   0x0000000000000b75      0x108 ./drivers/fsl_lpspi.o
 .debug_macro   0x0000000000000c7d       0x2c ./drivers/fsl_lpspi.o
 .debug_macro   0x0000000000000ca9      0x109 ./drivers/fsl_lpuart.o
 .debug_macro   0x0000000000000db2       0x98 ./device/system_MKE14F16.o
 .debug_macro   0x0000000000000e4a      0x105 ./component/uart/lpuart_adapter.o
 .debug_macro   0x0000000000000f4f       0x1c ./component/uart/lpuart_adapter.o
 .debug_macro   0x0000000000000f6b      0x122 ./component/serial_manager/serial_manager.o
 .debug_macro   0x000000000000108d      0x113 ./component/serial_manager/serial_port_uart.o
 .debug_macro   0x00000000000011a0       0x1c ./component/serial_manager/serial_port_uart.o
 .debug_macro   0x00000000000011bc      0x128 ./board/board.o
 .debug_macro   0x00000000000012e4      0x109 ./board/clock_config.o
 .debug_macro   0x00000000000013ed       0x1b ./board/peripherals.o
 .debug_macro   0x0000000000001408      0x106 ./board/pin_mux.o
 .debug_macro   0x000000000000150e       0x16 ./board/pin_mux.o

.debug_line     0x0000000000000000     0x5acb
 .debug_line    0x0000000000000000      0x445 ./utilities/fsl_debug_console.o
 .debug_line    0x0000000000000445      0x645 ./startup/startup_mke14f16.o
 .debug_line    0x0000000000000a8a      0x3b3 ./source/Hummingbot_firmware.o
 .debug_line    0x0000000000000e3d       0x54 ./source/semihost_hardfault.o
 .debug_line    0x0000000000000e91      0x642 ./drivers/fsl_clock.o
 .debug_line    0x00000000000014d3      0xb96 ./drivers/fsl_edma.o
 .debug_line    0x0000000000002069      0x47d ./drivers/fsl_flexio.o
 .debug_line    0x00000000000024e6      0x290 ./drivers/fsl_gpio.o
 .debug_line    0x0000000000002776      0xa82 ./drivers/fsl_lpi2c.o
 .debug_line    0x00000000000031f8      0xaa6 ./drivers/fsl_lpspi.o
 .debug_line    0x0000000000003c9e      0x925 ./drivers/fsl_lpuart.o
 .debug_line    0x00000000000045c3      0x218 ./device/system_MKE14F16.o
 .debug_line    0x00000000000047db      0x300 ./component/uart/lpuart_adapter.o
 .debug_line    0x0000000000004adb      0x443 ./component/serial_manager/serial_manager.o
 .debug_line    0x0000000000004f1e      0x309 ./component/serial_manager/serial_port_uart.o
 .debug_line    0x0000000000005227      0x2ac ./board/board.o
 .debug_line    0x00000000000054d3      0x2d3 ./board/clock_config.o
 .debug_line    0x00000000000057a6       0x58 ./board/peripherals.o
 .debug_line    0x00000000000057fe      0x2cd ./board/pin_mux.o

.debug_str      0x0000000000000000    0x5d3d3
 .debug_str     0x0000000000000000    0x53d8e ./utilities/fsl_debug_console.o
                                      0x53ebd (size before relaxing)
 .debug_str     0x0000000000053d8e      0x7ee ./startup/startup_mke14f16.o
                                       0x35a4 (size before relaxing)
 .debug_str     0x000000000005457c     0x1730 ./source/Hummingbot_firmware.o
                                      0x54cbb (size before relaxing)
 .debug_str     0x0000000000055cac       0x1f ./source/semihost_hardfault.o
                                       0x2dc5 (size before relaxing)
 .debug_str     0x0000000000055ccb     0x1016 ./drivers/fsl_clock.o
                                      0x5483d (size before relaxing)
 .debug_str     0x0000000000056ce1     0x10d6 ./drivers/fsl_edma.o
                                      0x54ba0 (size before relaxing)
 .debug_str     0x0000000000057db7     0x1355 ./drivers/fsl_flexio.o
                                      0x54846 (size before relaxing)
 .debug_str     0x000000000005910c       0xee ./drivers/fsl_gpio.o
                                      0x53344 (size before relaxing)
 .debug_str     0x00000000000591fa     0x16f5 ./drivers/fsl_lpi2c.o
                                      0x5526b (size before relaxing)
 .debug_str     0x000000000005a8ef     0x11cd ./drivers/fsl_lpspi.o
                                      0x54d0c (size before relaxing)
 .debug_str     0x000000000005babc      0xb84 ./drivers/fsl_lpuart.o
                                      0x54aec (size before relaxing)
 .debug_str     0x000000000005c640       0xa8 ./device/system_MKE14F16.o
                                      0x51e4b (size before relaxing)
 .debug_str     0x000000000005c6e8      0x30f ./component/uart/lpuart_adapter.o
                                      0x539c5 (size before relaxing)
 .debug_str     0x000000000005c9f7      0x36c ./component/serial_manager/serial_manager.o
                                      0x5319c (size before relaxing)
 .debug_str     0x000000000005cd63       0xfc ./component/serial_manager/serial_port_uart.o
                                      0x53249 (size before relaxing)
 .debug_str     0x000000000005ce5f       0x55 ./board/board.o
                                      0x5317e (size before relaxing)
 .debug_str     0x000000000005ceb4      0x33a ./board/clock_config.o
                                      0x53f6d (size before relaxing)
 .debug_str     0x000000000005d1ee       0x31 ./board/peripherals.o
                                       0x2dd6 (size before relaxing)
 .debug_str     0x000000000005d21f      0x1b4 ./board/pin_mux.o
                                      0x52e3d (size before relaxing)

.comment        0x0000000000000000       0x7e
 .comment       0x0000000000000000       0x7e ./utilities/fsl_debug_console.o
                                         0x7f (size before relaxing)
 .comment       0x000000000000007e       0x7f ./startup/startup_mke14f16.o
 .comment       0x000000000000007e       0x7f ./source/Hummingbot_firmware.o
 .comment       0x000000000000007e       0x7f ./source/semihost_hardfault.o
 .comment       0x000000000000007e       0x7f ./drivers/fsl_clock.o
 .comment       0x000000000000007e       0x7f ./drivers/fsl_edma.o
 .comment       0x000000000000007e       0x7f ./drivers/fsl_flexio.o
 .comment       0x000000000000007e       0x7f ./drivers/fsl_gpio.o
 .comment       0x000000000000007e       0x7f ./drivers/fsl_lpi2c.o
 .comment       0x000000000000007e       0x7f ./drivers/fsl_lpspi.o
 .comment       0x000000000000007e       0x7f ./drivers/fsl_lpuart.o
 .comment       0x000000000000007e       0x7f ./device/system_MKE14F16.o
 .comment       0x000000000000007e       0x7f ./component/uart/lpuart_adapter.o
 .comment       0x000000000000007e       0x7f ./component/serial_manager/serial_manager.o
 .comment       0x000000000000007e       0x7f ./component/serial_manager/serial_port_uart.o
 .comment       0x000000000000007e       0x7f ./board/board.o
 .comment       0x000000000000007e       0x7f ./board/clock_config.o
 .comment       0x000000000000007e       0x7f ./board/peripherals.o
 .comment       0x000000000000007e       0x7f ./board/pin_mux.o
 .comment       0x000000000000007e       0x7f /Applications/MCUXpressoIDE_10.2.1_795/ide/tools/bin/../lib/gcc/arm-none-eabi/7.2.1/../../../../arm-none-eabi/lib/thumb/v7e-m/fpv4-sp/hard/libcr_nohost_nf.a(_cr__main.o)
 .comment       0x000000000000007e       0x7f /Applications/MCUXpressoIDE_10.2.1_795/ide/tools/bin/../lib/gcc/arm-none-eabi/7.2.1/../../../../arm-none-eabi/lib/thumb/v7e-m/fpv4-sp/hard/libcr_nohost_nf.a(_cr_assert.o)
 .comment       0x000000000000007e       0x7f /Applications/MCUXpressoIDE_10.2.1_795/ide/tools/bin/../lib/gcc/arm-none-eabi/7.2.1/../../../../arm-none-eabi/lib/thumb/v7e-m/fpv4-sp/hard/libcr_nohost_nf.a(__ciob.o)
 .comment       0x000000000000007e       0x7f /Applications/MCUXpressoIDE_10.2.1_795/ide/tools/bin/../lib/gcc/arm-none-eabi/7.2.1/../../../../arm-none-eabi/lib/thumb/v7e-m/fpv4-sp/hard/libcr_nohost_nf.a(__sys_appexit.o)
 .comment       0x000000000000007e       0x7f /Applications/MCUXpressoIDE_10.2.1_795/ide/tools/bin/../lib/gcc/arm-none-eabi/7.2.1/../../../../arm-none-eabi/lib/thumb/v7e-m/fpv4-sp/hard/libcr_c.a(memset.o)
 .comment       0x000000000000007e       0x7f /Applications/MCUXpressoIDE_10.2.1_795/ide/tools/bin/../lib/gcc/arm-none-eabi/7.2.1/../../../../arm-none-eabi/lib/thumb/v7e-m/fpv4-sp/hard/libcr_c.a(_deferredlazyseek.o)
 .comment       0x000000000000007e       0x7f /Applications/MCUXpressoIDE_10.2.1_795/ide/tools/bin/../lib/gcc/arm-none-eabi/7.2.1/../../../../arm-none-eabi/lib/thumb/v7e-m/fpv4-sp/hard/libcr_c.a(_fflush.o)
 .comment       0x000000000000007e       0x7f /Applications/MCUXpressoIDE_10.2.1_795/ide/tools/bin/../lib/gcc/arm-none-eabi/7.2.1/../../../../arm-none-eabi/lib/thumb/v7e-m/fpv4-sp/hard/libcr_c.a(_writebuf.o)
 .comment       0x000000000000007e       0x7f /Applications/MCUXpressoIDE_10.2.1_795/ide/tools/bin/../lib/gcc/arm-none-eabi/7.2.1/../../../../arm-none-eabi/lib/thumb/v7e-m/fpv4-sp/hard/libcr_c.a(alloc.o)
 .comment       0x000000000000007e       0x7f /Applications/MCUXpressoIDE_10.2.1_795/ide/tools/bin/../lib/gcc/arm-none-eabi/7.2.1/../../../../arm-none-eabi/lib/thumb/v7e-m/fpv4-sp/hard/libcr_c.a(fputs.o)
 .comment       0x000000000000007e       0x7f /Applications/MCUXpressoIDE_10.2.1_795/ide/tools/bin/../lib/gcc/arm-none-eabi/7.2.1/../../../../arm-none-eabi/lib/thumb/v7e-m/fpv4-sp/hard/libcr_c.a(fseek.o)
 .comment       0x000000000000007e       0x7f /Applications/MCUXpressoIDE_10.2.1_795/ide/tools/bin/../lib/gcc/arm-none-eabi/7.2.1/../../../../arm-none-eabi/lib/thumb/v7e-m/fpv4-sp/hard/libcr_c.a(ftell.o)
 .comment       0x000000000000007e       0x7f /Applications/MCUXpressoIDE_10.2.1_795/ide/tools/bin/../lib/gcc/arm-none-eabi/7.2.1/../../../../arm-none-eabi/lib/thumb/v7e-m/fpv4-sp/hard/libcr_c.a(initio.o)
 .comment       0x000000000000007e       0x7f /Applications/MCUXpressoIDE_10.2.1_795/ide/tools/bin/../lib/gcc/arm-none-eabi/7.2.1/../../../../arm-none-eabi/lib/thumb/v7e-m/fpv4-sp/hard/libcr_c.a(setvbuf.o)
 .comment       0x000000000000007e       0x7f /Applications/MCUXpressoIDE_10.2.1_795/ide/tools/bin/../lib/gcc/arm-none-eabi/7.2.1/../../../../arm-none-eabi/lib/thumb/v7e-m/fpv4-sp/hard/libcr_c.a(strlen.o)
 .comment       0x000000000000007e       0x7f /Applications/MCUXpressoIDE_10.2.1_795/ide/tools/bin/../lib/gcc/arm-none-eabi/7.2.1/../../../../arm-none-eabi/lib/thumb/v7e-m/fpv4-sp/hard/libcr_c.a(__init_alloc.o)
 .comment       0x000000000000007e       0x7f /Applications/MCUXpressoIDE_10.2.1_795/ide/tools/bin/../lib/gcc/arm-none-eabi/7.2.1/../../../../arm-none-eabi/lib/thumb/v7e-m/fpv4-sp/hard/libcr_c.a(_cr_sbrk.o)
 .comment       0x000000000000007e       0x7f /Applications/MCUXpressoIDE_10.2.1_795/ide/tools/bin/../lib/gcc/arm-none-eabi/7.2.1/../../../../arm-none-eabi/lib/thumb/v7e-m/fpv4-sp/hard/libcr_c.a(_fdopen.o)
 .comment       0x000000000000007e       0x7f /Applications/MCUXpressoIDE_10.2.1_795/ide/tools/bin/../lib/gcc/arm-none-eabi/7.2.1/../../../../arm-none-eabi/lib/thumb/v7e-m/fpv4-sp/hard/libcr_c.a(errno.o)
 .comment       0x000000000000007e       0x7f /Applications/MCUXpressoIDE_10.2.1_795/ide/tools/bin/../lib/gcc/arm-none-eabi/7.2.1/../../../../arm-none-eabi/lib/thumb/v7e-m/fpv4-sp/hard/libcr_c.a(fclose.o)
 .comment       0x000000000000007e       0x7f /Applications/MCUXpressoIDE_10.2.1_795/ide/tools/bin/../lib/gcc/arm-none-eabi/7.2.1/../../../../arm-none-eabi/lib/thumb/v7e-m/fpv4-sp/hard/libcr_c.a(fflush.o)
 .comment       0x000000000000007e       0x7f /Applications/MCUXpressoIDE_10.2.1_795/ide/tools/bin/../lib/gcc/arm-none-eabi/7.2.1/../../../../arm-none-eabi/lib/thumb/v7e-m/fpv4-sp/hard/libcr_c.a(remove.o)
 .comment       0x000000000000007e       0x7f /Applications/MCUXpressoIDE_10.2.1_795/ide/tools/bin/../lib/gcc/arm-none-eabi/7.2.1/../../../../arm-none-eabi/lib/thumb/v7e-m/fpv4-sp/hard/libcr_c.a(_cr_check_heap.o)
 .comment       0x000000000000007e       0x7f /Applications/MCUXpressoIDE_10.2.1_795/ide/tools/bin/../lib/gcc/arm-none-eabi/7.2.1/../../../../arm-none-eabi/lib/thumb/v7e-m/fpv4-sp/hard/libcr_c.a(_do_fflush.o)
 .comment       0x000000000000007e       0x7f /Applications/MCUXpressoIDE_10.2.1_795/ide/tools/bin/../lib/gcc/arm-none-eabi/7.2.1/../../../../arm-none-eabi/lib/thumb/v7e-m/fpv4-sp/hard/libcr_nohost_nf.a(__sys_close.o)
 .comment       0x000000000000007e       0x7f /Applications/MCUXpressoIDE_10.2.1_795/ide/tools/bin/../lib/gcc/arm-none-eabi/7.2.1/../../../../arm-none-eabi/lib/thumb/v7e-m/fpv4-sp/hard/libcr_nohost_nf.a(__sys_flen.o)
 .comment       0x000000000000007e       0x7f /Applications/MCUXpressoIDE_10.2.1_795/ide/tools/bin/../lib/gcc/arm-none-eabi/7.2.1/../../../../arm-none-eabi/lib/thumb/v7e-m/fpv4-sp/hard/libcr_nohost_nf.a(__sys_istty.o)
 .comment       0x000000000000007e       0x7f /Applications/MCUXpressoIDE_10.2.1_795/ide/tools/bin/../lib/gcc/arm-none-eabi/7.2.1/../../../../arm-none-eabi/lib/thumb/v7e-m/fpv4-sp/hard/libcr_nohost_nf.a(__sys_remove.o)
 .comment       0x000000000000007e       0x7f /Applications/MCUXpressoIDE_10.2.1_795/ide/tools/bin/../lib/gcc/arm-none-eabi/7.2.1/../../../../arm-none-eabi/lib/thumb/v7e-m/fpv4-sp/hard/libcr_nohost_nf.a(__sys_seek.o)
 .comment       0x000000000000007e       0x7f /Applications/MCUXpressoIDE_10.2.1_795/ide/tools/bin/../lib/gcc/arm-none-eabi/7.2.1/../../../../arm-none-eabi/lib/thumb/v7e-m/fpv4-sp/hard/libcr_nohost_nf.a(__sys_tmpnam.o)
 .comment       0x000000000000007e       0x7f /Applications/MCUXpressoIDE_10.2.1_795/ide/tools/bin/../lib/gcc/arm-none-eabi/7.2.1/../../../../arm-none-eabi/lib/thumb/v7e-m/fpv4-sp/hard/libcr_nohost_nf.a(__sys_write.o)

.ARM.attributes
                0x0000000000000000       0x37
 .ARM.attributes
                0x0000000000000000       0x39 ./utilities/fsl_debug_console.o
 .ARM.attributes
                0x0000000000000039       0x39 ./startup/startup_mke14f16.o
 .ARM.attributes
                0x0000000000000072       0x39 ./source/Hummingbot_firmware.o
 .ARM.attributes
                0x00000000000000ab       0x39 ./source/semihost_hardfault.o
 .ARM.attributes
                0x00000000000000e4       0x39 ./drivers/fsl_clock.o
 .ARM.attributes
                0x000000000000011d       0x39 ./drivers/fsl_edma.o
 .ARM.attributes
                0x0000000000000156       0x39 ./drivers/fsl_flexio.o
 .ARM.attributes
                0x000000000000018f       0x39 ./drivers/fsl_gpio.o
 .ARM.attributes
                0x00000000000001c8       0x39 ./drivers/fsl_lpi2c.o
 .ARM.attributes
                0x0000000000000201       0x39 ./drivers/fsl_lpspi.o
 .ARM.attributes
                0x000000000000023a       0x39 ./drivers/fsl_lpuart.o
 .ARM.attributes
                0x0000000000000273       0x39 ./device/system_MKE14F16.o
 .ARM.attributes
                0x00000000000002ac       0x39 ./component/uart/lpuart_adapter.o
 .ARM.attributes
                0x00000000000002e5       0x39 ./component/serial_manager/serial_manager.o
 .ARM.attributes
                0x000000000000031e       0x39 ./component/serial_manager/serial_port_uart.o
 .ARM.attributes
                0x0000000000000357       0x39 ./board/board.o
 .ARM.attributes
                0x0000000000000390       0x39 ./board/clock_config.o
 .ARM.attributes
                0x00000000000003c9       0x39 ./board/peripherals.o
 .ARM.attributes
                0x0000000000000402       0x39 ./board/pin_mux.o
 .ARM.attributes
                0x000000000000043b       0x39 /Applications/MCUXpressoIDE_10.2.1_795/ide/tools/bin/../lib/gcc/arm-none-eabi/7.2.1/../../../../arm-none-eabi/lib/thumb/v7e-m/fpv4-sp/hard/libcr_nohost_nf.a(_cr__main.o)
 .ARM.attributes
                0x0000000000000474       0x39 /Applications/MCUXpressoIDE_10.2.1_795/ide/tools/bin/../lib/gcc/arm-none-eabi/7.2.1/../../../../arm-none-eabi/lib/thumb/v7e-m/fpv4-sp/hard/libcr_nohost_nf.a(_cr_assert.o)
 .ARM.attributes
                0x00000000000004ad       0x39 /Applications/MCUXpressoIDE_10.2.1_795/ide/tools/bin/../lib/gcc/arm-none-eabi/7.2.1/../../../../arm-none-eabi/lib/thumb/v7e-m/fpv4-sp/hard/libcr_nohost_nf.a(__ciob.o)
 .ARM.attributes
                0x00000000000004e6       0x39 /Applications/MCUXpressoIDE_10.2.1_795/ide/tools/bin/../lib/gcc/arm-none-eabi/7.2.1/../../../../arm-none-eabi/lib/thumb/v7e-m/fpv4-sp/hard/libcr_nohost_nf.a(__sys_appexit.o)
 .ARM.attributes
                0x000000000000051f       0x39 /Applications/MCUXpressoIDE_10.2.1_795/ide/tools/bin/../lib/gcc/arm-none-eabi/7.2.1/../../../../arm-none-eabi/lib/thumb/v7e-m/fpv4-sp/hard/libcr_c.a(memset.o)
 .ARM.attributes
                0x0000000000000558       0x39 /Applications/MCUXpressoIDE_10.2.1_795/ide/tools/bin/../lib/gcc/arm-none-eabi/7.2.1/../../../../arm-none-eabi/lib/thumb/v7e-m/fpv4-sp/hard/libcr_c.a(_deferredlazyseek.o)
 .ARM.attributes
                0x0000000000000591       0x39 /Applications/MCUXpressoIDE_10.2.1_795/ide/tools/bin/../lib/gcc/arm-none-eabi/7.2.1/../../../../arm-none-eabi/lib/thumb/v7e-m/fpv4-sp/hard/libcr_c.a(_fflush.o)
 .ARM.attributes
                0x00000000000005ca       0x39 /Applications/MCUXpressoIDE_10.2.1_795/ide/tools/bin/../lib/gcc/arm-none-eabi/7.2.1/../../../../arm-none-eabi/lib/thumb/v7e-m/fpv4-sp/hard/libcr_c.a(_writebuf.o)
 .ARM.attributes
                0x0000000000000603       0x39 /Applications/MCUXpressoIDE_10.2.1_795/ide/tools/bin/../lib/gcc/arm-none-eabi/7.2.1/../../../../arm-none-eabi/lib/thumb/v7e-m/fpv4-sp/hard/libcr_c.a(alloc.o)
 .ARM.attributes
                0x000000000000063c       0x39 /Applications/MCUXpressoIDE_10.2.1_795/ide/tools/bin/../lib/gcc/arm-none-eabi/7.2.1/../../../../arm-none-eabi/lib/thumb/v7e-m/fpv4-sp/hard/libcr_c.a(fputs.o)
 .ARM.attributes
                0x0000000000000675       0x39 /Applications/MCUXpressoIDE_10.2.1_795/ide/tools/bin/../lib/gcc/arm-none-eabi/7.2.1/../../../../arm-none-eabi/lib/thumb/v7e-m/fpv4-sp/hard/libcr_c.a(fseek.o)
 .ARM.attributes
                0x00000000000006ae       0x39 /Applications/MCUXpressoIDE_10.2.1_795/ide/tools/bin/../lib/gcc/arm-none-eabi/7.2.1/../../../../arm-none-eabi/lib/thumb/v7e-m/fpv4-sp/hard/libcr_c.a(ftell.o)
 .ARM.attributes
                0x00000000000006e7       0x39 /Applications/MCUXpressoIDE_10.2.1_795/ide/tools/bin/../lib/gcc/arm-none-eabi/7.2.1/../../../../arm-none-eabi/lib/thumb/v7e-m/fpv4-sp/hard/libcr_c.a(initio.o)
 .ARM.attributes
                0x0000000000000720       0x39 /Applications/MCUXpressoIDE_10.2.1_795/ide/tools/bin/../lib/gcc/arm-none-eabi/7.2.1/../../../../arm-none-eabi/lib/thumb/v7e-m/fpv4-sp/hard/libcr_c.a(setvbuf.o)
 .ARM.attributes
                0x0000000000000759       0x39 /Applications/MCUXpressoIDE_10.2.1_795/ide/tools/bin/../lib/gcc/arm-none-eabi/7.2.1/../../../../arm-none-eabi/lib/thumb/v7e-m/fpv4-sp/hard/libcr_c.a(strlen.o)
 .ARM.attributes
                0x0000000000000792       0x39 /Applications/MCUXpressoIDE_10.2.1_795/ide/tools/bin/../lib/gcc/arm-none-eabi/7.2.1/../../../../arm-none-eabi/lib/thumb/v7e-m/fpv4-sp/hard/libcr_c.a(__init_alloc.o)
 .ARM.attributes
                0x00000000000007cb       0x39 /Applications/MCUXpressoIDE_10.2.1_795/ide/tools/bin/../lib/gcc/arm-none-eabi/7.2.1/../../../../arm-none-eabi/lib/thumb/v7e-m/fpv4-sp/hard/libcr_c.a(_cr_sbrk.o)
 .ARM.attributes
                0x0000000000000804       0x39 /Applications/MCUXpressoIDE_10.2.1_795/ide/tools/bin/../lib/gcc/arm-none-eabi/7.2.1/../../../../arm-none-eabi/lib/thumb/v7e-m/fpv4-sp/hard/libcr_c.a(_fdopen.o)
 .ARM.attributes
                0x000000000000083d       0x39 /Applications/MCUXpressoIDE_10.2.1_795/ide/tools/bin/../lib/gcc/arm-none-eabi/7.2.1/../../../../arm-none-eabi/lib/thumb/v7e-m/fpv4-sp/hard/libcr_c.a(errno.o)
 .ARM.attributes
                0x0000000000000876       0x39 /Applications/MCUXpressoIDE_10.2.1_795/ide/tools/bin/../lib/gcc/arm-none-eabi/7.2.1/../../../../arm-none-eabi/lib/thumb/v7e-m/fpv4-sp/hard/libcr_c.a(fclose.o)
 .ARM.attributes
                0x00000000000008af       0x39 /Applications/MCUXpressoIDE_10.2.1_795/ide/tools/bin/../lib/gcc/arm-none-eabi/7.2.1/../../../../arm-none-eabi/lib/thumb/v7e-m/fpv4-sp/hard/libcr_c.a(fflush.o)
 .ARM.attributes
                0x00000000000008e8       0x39 /Applications/MCUXpressoIDE_10.2.1_795/ide/tools/bin/../lib/gcc/arm-none-eabi/7.2.1/../../../../arm-none-eabi/lib/thumb/v7e-m/fpv4-sp/hard/libcr_c.a(remove.o)
 .ARM.attributes
                0x0000000000000921       0x39 /Applications/MCUXpressoIDE_10.2.1_795/ide/tools/bin/../lib/gcc/arm-none-eabi/7.2.1/../../../../arm-none-eabi/lib/thumb/v7e-m/fpv4-sp/hard/libcr_c.a(_cr_check_heap.o)
 .ARM.attributes
                0x000000000000095a       0x39 /Applications/MCUXpressoIDE_10.2.1_795/ide/tools/bin/../lib/gcc/arm-none-eabi/7.2.1/../../../../arm-none-eabi/lib/thumb/v7e-m/fpv4-sp/hard/libcr_c.a(_do_fflush.o)
 .ARM.attributes
                0x0000000000000993       0x25 /Applications/MCUXpressoIDE_10.2.1_795/ide/tools/bin/../lib/gcc/arm-none-eabi/7.2.1/thumb/v7e-m/fpv4-sp/hard/libcr_eabihelpers.a(memcpy.o)
 .ARM.attributes
                0x00000000000009b8       0x39 /Applications/MCUXpressoIDE_10.2.1_795/ide/tools/bin/../lib/gcc/arm-none-eabi/7.2.1/../../../../arm-none-eabi/lib/thumb/v7e-m/fpv4-sp/hard/libcr_nohost_nf.a(__sys_close.o)
 .ARM.attributes
                0x00000000000009f1       0x39 /Applications/MCUXpressoIDE_10.2.1_795/ide/tools/bin/../lib/gcc/arm-none-eabi/7.2.1/../../../../arm-none-eabi/lib/thumb/v7e-m/fpv4-sp/hard/libcr_nohost_nf.a(__sys_flen.o)
 .ARM.attributes
                0x0000000000000a2a       0x39 /Applications/MCUXpressoIDE_10.2.1_795/ide/tools/bin/../lib/gcc/arm-none-eabi/7.2.1/../../../../arm-none-eabi/lib/thumb/v7e-m/fpv4-sp/hard/libcr_nohost_nf.a(__sys_istty.o)
 .ARM.attributes
                0x0000000000000a63       0x39 /Applications/MCUXpressoIDE_10.2.1_795/ide/tools/bin/../lib/gcc/arm-none-eabi/7.2.1/../../../../arm-none-eabi/lib/thumb/v7e-m/fpv4-sp/hard/libcr_nohost_nf.a(__sys_remove.o)
 .ARM.attributes
                0x0000000000000a9c       0x39 /Applications/MCUXpressoIDE_10.2.1_795/ide/tools/bin/../lib/gcc/arm-none-eabi/7.2.1/../../../../arm-none-eabi/lib/thumb/v7e-m/fpv4-sp/hard/libcr_nohost_nf.a(__sys_seek.o)
 .ARM.attributes
                0x0000000000000ad5       0x39 /Applications/MCUXpressoIDE_10.2.1_795/ide/tools/bin/../lib/gcc/arm-none-eabi/7.2.1/../../../../arm-none-eabi/lib/thumb/v7e-m/fpv4-sp/hard/libcr_nohost_nf.a(__sys_tmpnam.o)
 .ARM.attributes
                0x0000000000000b0e       0x39 /Applications/MCUXpressoIDE_10.2.1_795/ide/tools/bin/../lib/gcc/arm-none-eabi/7.2.1/../../../../arm-none-eabi/lib/thumb/v7e-m/fpv4-sp/hard/libcr_nohost_nf.a(__sys_write.o)

.debug_frame    0x0000000000000000     0x3600
 .debug_frame   0x0000000000000000      0x1e4 ./utilities/fsl_debug_console.o
 .debug_frame   0x00000000000001e4      0x844 ./startup/startup_mke14f16.o
 .debug_frame   0x0000000000000a28       0xec ./source/Hummingbot_firmware.o
 .debug_frame   0x0000000000000b14       0x20 ./source/semihost_hardfault.o
 .debug_frame   0x0000000000000b34      0x448 ./drivers/fsl_clock.o
 .debug_frame   0x0000000000000f7c      0x840 ./drivers/fsl_edma.o
 .debug_frame   0x00000000000017bc      0x2c0 ./drivers/fsl_flexio.o
 .debug_frame   0x0000000000001a7c       0xc8 ./drivers/fsl_gpio.o
 .debug_frame   0x0000000000001b44      0x7ec ./drivers/fsl_lpi2c.o
 .debug_frame   0x0000000000002330      0x790 ./drivers/fsl_lpspi.o
 .debug_frame   0x0000000000002ac0      0x560 ./drivers/fsl_lpuart.o
 .debug_frame   0x0000000000003020       0x74 ./device/system_MKE14F16.o
 .debug_frame   0x0000000000003094       0xc8 ./component/uart/lpuart_adapter.o
 .debug_frame   0x000000000000315c      0x208 ./component/serial_manager/serial_manager.o
 .debug_frame   0x0000000000003364       0xa0 ./component/serial_manager/serial_port_uart.o
 .debug_frame   0x0000000000003404       0x58 ./board/board.o
 .debug_frame   0x000000000000345c       0xe0 ./board/clock_config.o
 .debug_frame   0x000000000000353c       0x30 ./board/peripherals.o
 .debug_frame   0x000000000000356c       0x94 ./board/pin_mux.o
